[C:/Users/강민우/Desktop/test-web-down/gloy-test/backblue.gif]
[C:/Users/강민우/Desktop/test-web-down/gloy-test/fade.gif]
[C:/Users/강민우/Desktop/test-web-down/gloy-test/index.html]
[C:/Users/강민우/Desktop/test-web-down/gloy-test/glorylawfirm.kr/index.html]
[C:/Users/강민우/Desktop/test-web-down/gloy-test/glorylawfirm.kr/kor/images/og_img2.png]
[C:/Users/강민우/Desktop/test-web-down/gloy-test/glorylawfirm.kr/kor/images/favicon.ico]
[C:/Users/강민우/Desktop/test-web-down/gloy-test/glorylawfirm.kr/kor/js/jquery-3.7.0.min.js]
[C:/Users/강민우/Desktop/test-web-down/gloy-test/glorylawfirm.kr/kor/js/slick.min.js]
[C:/Users/강민우/Desktop/test-web-down/gloy-test/glorylawfirm.kr/kor/js/common.js]
[C:/Users/강민우/Desktop/test-web-down/gloy-test/glorylawfirm.kr/aseoul/js/dev.js]
[C:/Users/강민우/Desktop/test-web-down/gloy-test/glorylawfirm.kr/kor/js/aos.js]
[C:/Users/강민우/Desktop/test-web-down/gloy-test/glorylawfirm.kr/kor/images/main/f_sec1_v_01.jpg]
[C:/Users/강민우/Desktop/test-web-down/gloy-test/glorylawfirm.kr/kor/images/main/f_sec1_v_01_m.jpg]
[C:/Users/강민우/Desktop/test-web-down/gloy-test/glorylawfirm.kr/kor/images/main/f_sec1_v_02.jpg]
[C:/Users/강민우/Desktop/test-web-down/gloy-test/glorylawfirm.kr/kor/images/main/f_sec1_v_02_m.jpg]
[C:/Users/강민우/Desktop/test-web-down/gloy-test/glorylawfirm.kr/kor/images/main/f_sec1_v_03.jpg]
[C:/Users/강민우/Desktop/test-web-down/gloy-test/glorylawfirm.kr/kor/inc/kcaptcha/index3d95.html]
[C:/Users/강민우/Desktop/test-web-down/gloy-test/glorylawfirm.kr/kor/images/main/f_sec1_v_03_m.jpg]
[C:/Users/강민우/Desktop/test-web-down/gloy-test/glorylawfirm.kr/kor/images/main/f_sec4_icon_1.png]
[C:/Users/강민우/Desktop/test-web-down/gloy-test/glorylawfirm.kr/kor/images/main/f_sec4_icon_2.png]
[C:/Users/강민우/Desktop/test-web-down/gloy-test/glorylawfirm.kr/kor/images/common/f_logo.png]
[C:/Users/강민우/Desktop/test-web-down/gloy-test/glorylawfirm.kr/kor/js/jquery.fullPage.js]
[C:/Users/강민우/Desktop/test-web-down/gloy-test/glorylawfirm.kr/kor/main/index.html]
[C:/Users/강민우/Desktop/test-web-down/gloy-test/glorylawfirm.kr/kor/css/font/NotoSans-Light.eot]
[C:/Users/강민우/Desktop/test-web-down/gloy-test/glorylawfirm.kr/kor/css/font/NotoSans-Lightd41d.eot]
[C:/Users/강민우/Desktop/test-web-down/gloy-test/glorylawfirm.kr/kor/css/font/NotoSans-Light.woff]
[C:/Users/강민우/Desktop/test-web-down/gloy-test/glorylawfirm.kr/kor/css/font/NotoSans-Light.woff2]
[C:/Users/강민우/Desktop/test-web-down/gloy-test/glorylawfirm.kr/kor/css/font/NotoSans-DemiLight.eot]
[C:/Users/강민우/Desktop/test-web-down/gloy-test/glorylawfirm.kr/kor/css/font/NotoSans-DemiLightd41d.eot]
[C:/Users/강민우/Desktop/test-web-down/gloy-test/glorylawfirm.kr/kor/css/font/NotoSans-DemiLight.woff]
[C:/Users/강민우/Desktop/test-web-down/gloy-test/glorylawfirm.kr/kor/css/font/NotoSans-DemiLight.woff2]
[C:/Users/강민우/Desktop/test-web-down/gloy-test/glorylawfirm.kr/kor/css/font/NotoSans-Regular.eot]
[C:/Users/강민우/Desktop/test-web-down/gloy-test/glorylawfirm.kr/kor/css/font/NotoSans-Regulard41d.eot]
[C:/Users/강민우/Desktop/test-web-down/gloy-test/glorylawfirm.kr/kor/css/font/NotoSans-Regular.woff]
[C:/Users/강민우/Desktop/test-web-down/gloy-test/glorylawfirm.kr/kor/css/font/NotoSans-Regular.woff2]
[C:/Users/강민우/Desktop/test-web-down/gloy-test/glorylawfirm.kr/kor/css/font/NotoSans-Medium.eot]
[C:/Users/강민우/Desktop/test-web-down/gloy-test/glorylawfirm.kr/kor/css/font/NotoSans-Mediumd41d.eot]
[C:/Users/강민우/Desktop/test-web-down/gloy-test/glorylawfirm.kr/kor/css/font/NotoSans-Medium.woff]
[C:/Users/강민우/Desktop/test-web-down/gloy-test/glorylawfirm.kr/kor/css/font/NotoSans-Medium.woff2]
[C:/Users/강민우/Desktop/test-web-down/gloy-test/glorylawfirm.kr/kor/css/font/NotoSans-Bold.eot]
[C:/Users/강민우/Desktop/test-web-down/gloy-test/glorylawfirm.kr/kor/css/font/NotoSans-Boldd41d.eot]
[C:/Users/강민우/Desktop/test-web-down/gloy-test/glorylawfirm.kr/kor/css/font/NotoSans-Bold.woff]
[C:/Users/강민우/Desktop/test-web-down/gloy-test/glorylawfirm.kr/kor/css/font/NotoSans-Bold.woff2]
[C:/Users/강민우/Desktop/test-web-down/gloy-test/glorylawfirm.kr/kor/css/font/NotoSans-Black.eot]
[C:/Users/강민우/Desktop/test-web-down/gloy-test/glorylawfirm.kr/kor/css/font/NotoSans-Blackd41d.eot]
[C:/Users/강민우/Desktop/test-web-down/gloy-test/glorylawfirm.kr/kor/css/font/NotoSans-Black.woff]
[C:/Users/강민우/Desktop/test-web-down/gloy-test/glorylawfirm.kr/kor/css/base0f8d.css]
[C:/Users/강민우/Desktop/test-web-down/gloy-test/glorylawfirm.kr/kor/css/font/NotoSans-Black.woff2]
[C:/Users/강민우/Desktop/test-web-down/gloy-test/glorylawfirm.kr/kor/images/common/logo.png]
[C:/Users/강민우/Desktop/test-web-down/gloy-test/glorylawfirm.kr/kor/images/icon/arrow13.png]
[C:/Users/강민우/Desktop/test-web-down/gloy-test/glorylawfirm.kr/kor/images/common/logo_on.png]
[C:/Users/강민우/Desktop/test-web-down/gloy-test/glorylawfirm.kr/kor/images/common/logo_revive.png]
[C:/Users/강민우/Desktop/test-web-down/gloy-test/glorylawfirm.kr/kor/images/common/logo_revive_on.png]
[C:/Users/강민우/Desktop/test-web-down/gloy-test/glorylawfirm.kr/kor/images/common/logo_divorce_new.png]
[C:/Users/강민우/Desktop/test-web-down/gloy-test/glorylawfirm.kr/kor/images/common/logo_divorce_new_on.png]
[C:/Users/강민우/Desktop/test-web-down/gloy-test/glorylawfirm.kr/kor/images/icon/instagram.png]
[C:/Users/강민우/Desktop/test-web-down/gloy-test/glorylawfirm.kr/kor/images/icon/youtube.png]
[C:/Users/강민우/Desktop/test-web-down/gloy-test/glorylawfirm.kr/kor/images/icon/facebook.png]
[C:/Users/강민우/Desktop/test-web-down/gloy-test/glorylawfirm.kr/kor/images/common/v_bg.png]
[C:/Users/강민우/Desktop/test-web-down/gloy-test/glorylawfirm.kr/kor/images/sub/sub_v_01.jpg]
[C:/Users/강민우/Desktop/test-web-down/gloy-test/glorylawfirm.kr/kor/images/sub/sub_v_02.jpg]
[C:/Users/강민우/Desktop/test-web-down/gloy-test/glorylawfirm.kr/kor/images/sub/sub_v_03.jpg]
[C:/Users/강민우/Desktop/test-web-down/gloy-test/glorylawfirm.kr/kor/images/sub/sub_v_05.jpg]
[C:/Users/강민우/Desktop/test-web-down/gloy-test/glorylawfirm.kr/kor/images/icon/close2.png]
[C:/Users/강민우/Desktop/test-web-down/gloy-test/glorylawfirm.kr/kor/images/icon/arrow5.png]
[C:/Users/강민우/Desktop/test-web-down/gloy-test/glorylawfirm.kr/kor/images/icon/chk1.png]
[C:/Users/강민우/Desktop/test-web-down/gloy-test/glorylawfirm.kr/kor/images/icon/arrow16.png]
[C:/Users/강민우/Desktop/test-web-down/gloy-test/glorylawfirm.kr/kor/images/icon/link.png]
[C:/Users/강민우/Desktop/test-web-down/gloy-test/glorylawfirm.kr/kor/images/common/sitemap_bg.jpg]
[C:/Users/강민우/Desktop/test-web-down/gloy-test/glorylawfirm.kr/kor/images/icon/tel.png]
[C:/Users/강민우/Desktop/test-web-down/gloy-test/glorylawfirm.kr/kor/images/icon/kakao.png]
[C:/Users/강민우/Desktop/test-web-down/gloy-test/glorylawfirm.kr/kor/images/icon/chat.png]
[C:/Users/강민우/Desktop/test-web-down/gloy-test/glorylawfirm.kr/kor/images/icon/arrow8.png]
[C:/Users/강민우/Desktop/test-web-down/gloy-test/glorylawfirm.kr/kor/images/icon/arrow9.png]
[C:/Users/강민우/Desktop/test-web-down/gloy-test/glorylawfirm.kr/kor/images/icon/top_btn.png]
[C:/Users/강민우/Desktop/test-web-down/gloy-test/glorylawfirm.kr/kor/images/common/q_bg.png]
[C:/Users/강민우/Desktop/test-web-down/gloy-test/glorylawfirm.kr/kor/images/icon/arrow15.png]
[C:/Users/강민우/Desktop/test-web-down/gloy-test/glorylawfirm.kr/kor/images/icon/arrow14.png]
[C:/Users/강민우/Desktop/test-web-down/gloy-test/glorylawfirm.kr/kor/images/icon/naver.png]
[C:/Users/강민우/Desktop/test-web-down/gloy-test/glorylawfirm.kr/kor/images/icon/kakao2.png]
[C:/Users/강민우/Desktop/test-web-down/gloy-test/glorylawfirm.kr/kor/images/icon/arrow10.png]
[C:/Users/강민우/Desktop/test-web-down/gloy-test/glorylawfirm.kr/kor/images/icon/arrow11.png]
[C:/Users/강민우/Desktop/test-web-down/gloy-test/glorylawfirm.kr/kor/images/common/q_bg_m.png]
[C:/Users/강민우/Desktop/test-web-down/gloy-test/glorylawfirm.kr/kor/images/common/v_bg_m.png]
[C:/Users/강민우/Desktop/test-web-down/gloy-test/glorylawfirm.kr/kor/images/sub/sub_v_01_m.jpg]
[C:/Users/강민우/Desktop/test-web-down/gloy-test/glorylawfirm.kr/kor/images/sub/sub_v_02_m.jpg]
[C:/Users/강민우/Desktop/test-web-down/gloy-test/glorylawfirm.kr/kor/images/sub/sub_v_03_m.jpg]
[C:/Users/강민우/Desktop/test-web-down/gloy-test/glorylawfirm.kr/kor/images/sub/sub_v_05_m.jpg]
[C:/Users/강민우/Desktop/test-web-down/gloy-test/glorylawfirm.kr/kor/css/common0f8d.css]
[C:/Users/강민우/Desktop/test-web-down/gloy-test/glorylawfirm.kr/kor/images/main/sec1_btn.png]
[C:/Users/강민우/Desktop/test-web-down/gloy-test/glorylawfirm.kr/kor/images/main/sec2_arrow.png]
[C:/Users/강민우/Desktop/test-web-down/gloy-test/glorylawfirm.kr/kor/images/main/sec3_bg.jpg]
[C:/Users/강민우/Desktop/test-web-down/gloy-test/glorylawfirm.kr/kor/images/main/sec3_arrow.png]
[C:/Users/강민우/Desktop/test-web-down/gloy-test/glorylawfirm.kr/kor/images/main/sec3_more.png]
[C:/Users/강민우/Desktop/test-web-down/gloy-test/glorylawfirm.kr/kor/images/icon/close3.png]
[C:/Users/강민우/Desktop/test-web-down/gloy-test/glorylawfirm.kr/kor/images/main/sec4_arrow.png]
[C:/Users/강민우/Desktop/test-web-down/gloy-test/glorylawfirm.kr/kor/images/main/sec5_bg.jpg]
[C:/Users/강민우/Desktop/test-web-down/gloy-test/glorylawfirm.kr/kor/images/main/sec5_more.png]
[C:/Users/강민우/Desktop/test-web-down/gloy-test/glorylawfirm.kr/kor/images/main/sec5_arrow.png]
[C:/Users/강민우/Desktop/test-web-down/gloy-test/glorylawfirm.kr/kor/images/main/sec1_btn2.png]
[C:/Users/강민우/Desktop/test-web-down/gloy-test/glorylawfirm.kr/kor/images/main/sec3_bg_m.jpg]
[C:/Users/강민우/Desktop/test-web-down/gloy-test/glorylawfirm.kr/kor/images/main/sec5_bg_m.jpg]
[C:/Users/강민우/Desktop/test-web-down/gloy-test/glorylawfirm.kr/kor/css/main0f8d.css]
[C:/Users/강민우/Desktop/test-web-down/gloy-test/glorylawfirm.kr/kor/images/main/f_sec2_bg.jpg]
[C:/Users/강민우/Desktop/test-web-down/gloy-test/glorylawfirm.kr/kor/images/main/f_sec3_bg.jpg]
[C:/Users/강민우/Desktop/test-web-down/gloy-test/glorylawfirm.kr/kor/images/main/f_sec3_more_1.png]
[C:/Users/강민우/Desktop/test-web-down/gloy-test/glorylawfirm.kr/kor/images/main/f_sec3_more_2.png]
[C:/Users/강민우/Desktop/test-web-down/gloy-test/glorylawfirm.kr/kor/images/main/f_sec4_bg.jpg]
[C:/Users/강민우/Desktop/test-web-down/gloy-test/glorylawfirm.kr/kor/images/main/f_sec4_more_1.png]
[C:/Users/강민우/Desktop/test-web-down/gloy-test/glorylawfirm.kr/kor/images/main/f_sec4_arrow.png]
[C:/Users/강민우/Desktop/test-web-down/gloy-test/glorylawfirm.kr/kor/images/main/f_sec4_more_2.png]
[C:/Users/강민우/Desktop/test-web-down/gloy-test/glorylawfirm.kr/kor/images/main/f_sec4_more_3.png]
[C:/Users/강민우/Desktop/test-web-down/gloy-test/glorylawfirm.kr/kor/images/main/f_sec2_bg_m.jpg]
[C:/Users/강민우/Desktop/test-web-down/gloy-test/glorylawfirm.kr/kor/images/main/f_sec3_bg_m.jpg]
[C:/Users/강민우/Desktop/test-web-down/gloy-test/glorylawfirm.kr/kor/images/main/f_sec4_bg_m.jpg]
[C:/Users/강민우/Desktop/test-web-down/gloy-test/glorylawfirm.kr/kor/css/main_20f8d.css]
[C:/Users/강민우/Desktop/test-web-down/gloy-test/glorylawfirm.kr/kor/images/sub/intro_box1_logo.png]
[C:/Users/강민우/Desktop/test-web-down/gloy-test/glorylawfirm.kr/kor/images/sub/intro_box2_bg.jpg]
[C:/Users/강민우/Desktop/test-web-down/gloy-test/glorylawfirm.kr/kor/images/sub/speciality_box1_bg1.jpg]
[C:/Users/강민우/Desktop/test-web-down/gloy-test/glorylawfirm.kr/kor/images/sub/speciality_box1_bg2.jpg]
[C:/Users/강민우/Desktop/test-web-down/gloy-test/glorylawfirm.kr/kor/images/sub/speciality_box2_icon1.png]
[C:/Users/강민우/Desktop/test-web-down/gloy-test/glorylawfirm.kr/kor/images/sub/speciality_box2_icon2.png]
[C:/Users/강민우/Desktop/test-web-down/gloy-test/glorylawfirm.kr/kor/images/sub/speciality_box2_icon3.png]
[C:/Users/강민우/Desktop/test-web-down/gloy-test/glorylawfirm.kr/kor/images/sub/speciality_box2_icon4.png]
[C:/Users/강민우/Desktop/test-web-down/gloy-test/glorylawfirm.kr/kor/images/icon/close1.png]
[C:/Users/강민우/Desktop/test-web-down/gloy-test/glorylawfirm.kr/kor/images/icon/list.png]
[C:/Users/강민우/Desktop/test-web-down/gloy-test/glorylawfirm.kr/kor/images/icon/arrow7.png]
[C:/Users/강민우/Desktop/test-web-down/gloy-test/glorylawfirm.kr/kor/images/sub/process_box2_arrow.png]
[C:/Users/강민우/Desktop/test-web-down/gloy-test/glorylawfirm.kr/kor/images/sub/process_box3_arrow.png]
[C:/Users/강민우/Desktop/test-web-down/gloy-test/glorylawfirm.kr/kor/images/sub/speciality_box1_bg1_m.jpg]
[C:/Users/강민우/Desktop/test-web-down/gloy-test/glorylawfirm.kr/kor/images/sub/intro_box2_bg_m.jpg]
[C:/Users/강민우/Desktop/test-web-down/gloy-test/glorylawfirm.kr/kor/css/sub0f8d.css]
[C:/Users/강민우/Desktop/test-web-down/gloy-test/glorylawfirm.kr/kor/images/icon/search.png]
[C:/Users/강민우/Desktop/test-web-down/gloy-test/glorylawfirm.kr/kor/images/icon/arrow18.png]
[C:/Users/강민우/Desktop/test-web-down/gloy-test/glorylawfirm.kr/kor/images/icon/arrow3.png]
[C:/Users/강민우/Desktop/test-web-down/gloy-test/glorylawfirm.kr/kor/images/icon/arrow4.png]
[C:/Users/강민우/Desktop/test-web-down/gloy-test/glorylawfirm.kr/kor/images/icon/page_first.png]
[C:/Users/강민우/Desktop/test-web-down/gloy-test/glorylawfirm.kr/kor/images/icon/page_prev.png]
[C:/Users/강민우/Desktop/test-web-down/gloy-test/glorylawfirm.kr/kor/images/icon/page_next.png]
[C:/Users/강민우/Desktop/test-web-down/gloy-test/glorylawfirm.kr/kor/images/icon/page_last.png]
[C:/Users/강민우/Desktop/test-web-down/gloy-test/glorylawfirm.kr/kor/images/icon/arrow2.png]
[C:/Users/강민우/Desktop/test-web-down/gloy-test/glorylawfirm.kr/kor/images/icon/link2.png]
[C:/Users/강민우/Desktop/test-web-down/gloy-test/glorylawfirm.kr/kor/images/icon/arrow17.png]
[C:/Users/강민우/Desktop/test-web-down/gloy-test/glorylawfirm.kr/kor/css/board0f8d.css]
[C:/Users/강민우/Desktop/test-web-down/gloy-test/www.googletagmanager.com/gtm5445.html]
[C:/Users/강민우/Desktop/test-web-down/gloy-test/glorylawfirm.kr/kor/css/aos.css]
[C:/Users/강민우/Desktop/test-web-down/gloy-test/cdn.jsdelivr.net/gh/ungveloper/web-fonts/GmarketSans/font-face.css]
[C:/Users/강민우/Desktop/test-web-down/gloy-test/glorylawfirm.kr/kor/js/common_2024.js]
[C:/Users/강민우/Desktop/test-web-down/gloy-test/glorylawfirm.kr/kor/images/icon/consult_1.png]
[C:/Users/강민우/Desktop/test-web-down/gloy-test/glorylawfirm.kr/kor/inc/kcaptcha/index268d.html]
[C:/Users/강민우/Desktop/test-web-down/gloy-test/glorylawfirm.kr/kor/images/icon/consult_2.png]
[C:/Users/강민우/Desktop/test-web-down/gloy-test/glorylawfirm.kr/kor/images/icon/sns_kakao.png]
[C:/Users/강민우/Desktop/test-web-down/gloy-test/glorylawfirm.kr/kor/images/icon/sns_naver.png]
[C:/Users/강민우/Desktop/test-web-down/gloy-test/glorylawfirm.kr/kor/images/icon/sns_insta.png]
[C:/Users/강민우/Desktop/test-web-down/gloy-test/glorylawfirm.kr/kor/images/sub/revive_v2.jpg]
[C:/Users/강민우/Desktop/test-web-down/gloy-test/glorylawfirm.kr/kor/images/sub/revive_v2_m.jpg]
[C:/Users/강민우/Desktop/test-web-down/gloy-test/glorylawfirm.kr/kor/images/sub/revive_v1.jpg]
[C:/Users/강민우/Desktop/test-web-down/gloy-test/glorylawfirm.kr/kor/images/sub/revive_v1_m.jpg]
[C:/Users/강민우/Desktop/test-web-down/gloy-test/glorylawfirm.kr/kor/images/sub/revive_01_01.jpg]
[C:/Users/강민우/Desktop/test-web-down/gloy-test/glorylawfirm.kr/kor/images/sub/revive_stepIcon_01.png]
[C:/Users/강민우/Desktop/test-web-down/gloy-test/glorylawfirm.kr/kor/images/sub/revive_stepIcon_02.png]
[C:/Users/강민우/Desktop/test-web-down/gloy-test/glorylawfirm.kr/kor/images/sub/revive_stepIcon_03.png]
[C:/Users/강민우/Desktop/test-web-down/gloy-test/glorylawfirm.kr/kor/images/sub/revive_stepIcon_04.png]
[C:/Users/강민우/Desktop/test-web-down/gloy-test/glorylawfirm.kr/kor/images/sub/member_icon.png]
[C:/Users/강민우/Desktop/test-web-down/gloy-test/glorylawfirm.kr/kor/images/sub/member_icon_1.png]
[C:/Users/강민우/Desktop/test-web-down/gloy-test/glorylawfirm.kr/data/shopData/0583593001708658310.png]
[C:/Users/강민우/Desktop/test-web-down/gloy-test/glorylawfirm.kr/kor/images/blog/blog_thumbImg03.jpg]
[C:/Users/강민우/Desktop/test-web-down/gloy-test/glorylawfirm.kr/kor/images/blog/blog_thumbImg07.jpg]
[C:/Users/강민우/Desktop/test-web-down/gloy-test/glorylawfirm.kr/kor/images/blog/blog_thumbImg04.jpg]
[C:/Users/강민우/Desktop/test-web-down/gloy-test/glorylawfirm.kr/kor/images/blog/blog_thumbImg05.jpg]
[C:/Users/강민우/Desktop/test-web-down/gloy-test/glorylawfirm.kr/data/staffData/0392283001686815526.jpg]
[C:/Users/강민우/Desktop/test-web-down/gloy-test/glorylawfirm.kr/kor/images/sub/revive14_1_icon1.png]
[C:/Users/강민우/Desktop/test-web-down/gloy-test/glorylawfirm.kr/kor/images/sub/revive14_1_icon2.png]
[C:/Users/강민우/Desktop/test-web-down/gloy-test/glorylawfirm.kr/kor/images/sub/revive14_1_icon3.png]
[C:/Users/강민우/Desktop/test-web-down/gloy-test/glorylawfirm.kr/kor/images/sub/revive14_1_icon4.png]
[C:/Users/강민우/Desktop/test-web-down/gloy-test/glorylawfirm.kr/kor/images/sub/revive14_2_icon1.png]
[C:/Users/강민우/Desktop/test-web-down/gloy-test/glorylawfirm.kr/kor/images/sub/revive14_2_icon2.png]
[C:/Users/강민우/Desktop/test-web-down/gloy-test/glorylawfirm.kr/kor/images/sub/revive14_2_icon3.png]
[C:/Users/강민우/Desktop/test-web-down/gloy-test/glorylawfirm.kr/kor/images/sub/revive14_2_icon4.png]
[C:/Users/강민우/Desktop/test-web-down/gloy-test/glorylawfirm.kr/kor/images/sub/revive14_3_icon1.png]
[C:/Users/강민우/Desktop/test-web-down/gloy-test/glorylawfirm.kr/kor/images/sub/revive14_3_icon2.png]
[C:/Users/강민우/Desktop/test-web-down/gloy-test/glorylawfirm.kr/kor/images/sub/revive14_3_icon3.png]
[C:/Users/강민우/Desktop/test-web-down/gloy-test/ssl.daumcdn.net/dmaps/map_js_init/roughmapLoader.js]
[C:/Users/강민우/Desktop/test-web-down/gloy-test/glorylawfirm.kr/kor/js/locationjs.js]
[C:/Users/강민우/Desktop/test-web-down/gloy-test/glorylawfirm.kr/kor/images/common/logo_revive_new.png]
[C:/Users/강민우/Desktop/test-web-down/gloy-test/glorylawfirm.kr/kor/revive/index.html]
[C:/Users/강민우/Desktop/test-web-down/gloy-test/glorylawfirm.kr/kor/inc/kcaptcha/index473e.html]
[C:/Users/강민우/Desktop/test-web-down/gloy-test/glorylawfirm.kr/kor/images/sub/divorce_01_01.jpg]
[C:/Users/강민우/Desktop/test-web-down/gloy-test/glorylawfirm.kr/kor/images/sub/divorce_02_01.jpg]
[C:/Users/강민우/Desktop/test-web-down/gloy-test/glorylawfirm.kr/kor/images/sub/divorce_02_02.jpg]
[C:/Users/강민우/Desktop/test-web-down/gloy-test/glorylawfirm.kr/kor/images/sub/divorce_02_03.jpg]
[C:/Users/강민우/Desktop/test-web-down/gloy-test/glorylawfirm.kr/kor/images/sub/divorce_02_04.jpg]
[C:/Users/강민우/Desktop/test-web-down/gloy-test/glorylawfirm.kr/kor/images/sub/divorce_02_05.jpg]
[C:/Users/강민우/Desktop/test-web-down/gloy-test/glorylawfirm.kr/kor/images/sub/divorce_02_06.jpg]
[C:/Users/강민우/Desktop/test-web-down/gloy-test/glorylawfirm.kr/kor/images/sub/divorce_04_img.png]
[C:/Users/강민우/Desktop/test-web-down/gloy-test/glorylawfirm.kr/kor/divorce/index.html]
[C:/Users/강민우/Desktop/test-web-down/gloy-test/glorylawfirm.kr/kor/inc/kcaptcha/index46d4.html]
[C:/Users/강민우/Desktop/test-web-down/gloy-test/glorylawfirm.kr/kor/images/sub/intro_box1_01.jpg]
[C:/Users/강민우/Desktop/test-web-down/gloy-test/glorylawfirm.kr/kor/inc/kcaptcha/index94ce.html]
[C:/Users/강민우/Desktop/test-web-down/gloy-test/glorylawfirm.kr/kor/images/sub/intro_box1_sign.png]
[C:/Users/강민우/Desktop/test-web-down/gloy-test/glorylawfirm.kr/kor/company/intro.html]
[C:/Users/강민우/Desktop/test-web-down/gloy-test/glorylawfirm.kr/kor/company/speciality.html]
[C:/Users/강민우/Desktop/test-web-down/gloy-test/glorylawfirm.kr/kor/inc/kcaptcha/indexadb6.html]
[C:/Users/강민우/Desktop/test-web-down/gloy-test/glorylawfirm.kr/data/staffData/0943916001707983510.jpg]
[C:/Users/강민우/Desktop/test-web-down/gloy-test/glorylawfirm.kr/data/staffData/0651915001733809829.jpg]
[C:/Users/강민우/Desktop/test-web-down/gloy-test/glorylawfirm.kr/data/staffData/0888106001748397108.jpg]
[C:/Users/강민우/Desktop/test-web-down/gloy-test/glorylawfirm.kr/data/staffData/0181894001686815675.jpg]
[C:/Users/강민우/Desktop/test-web-down/gloy-test/glorylawfirm.kr/data/staffData/0277794001686874164.jpg]
[C:/Users/강민우/Desktop/test-web-down/gloy-test/glorylawfirm.kr/data/staffData/0958223001686814701.jpg]
[C:/Users/강민우/Desktop/test-web-down/gloy-test/glorylawfirm.kr/kor/inc/kcaptcha/index382a.html]
[C:/Users/강민우/Desktop/test-web-down/gloy-test/glorylawfirm.kr/data/staffData/0614221001719969744.jpg]
[C:/Users/강민우/Desktop/test-web-down/gloy-test/glorylawfirm.kr/data/staffData/0785828001686814614.jpg]
[C:/Users/강민우/Desktop/test-web-down/gloy-test/glorylawfirm.kr/data/staffData/0651260001729489301.jpg]
[C:/Users/강민우/Desktop/test-web-down/gloy-test/glorylawfirm.kr/kor/company/members.html]
[C:/Users/강민우/Desktop/test-web-down/gloy-test/glorylawfirm.kr/kor/company/location.html]
[C:/Users/강민우/Desktop/test-web-down/gloy-test/glorylawfirm.kr/kor/inc/kcaptcha/index2abd.html]
[C:/Users/강민우/Desktop/test-web-down/gloy-test/glorylawfirm.kr/kor/images/sub/areas_icon1.png]
[C:/Users/강민우/Desktop/test-web-down/gloy-test/glorylawfirm.kr/kor/images/sub/areas_icon2.png]
[C:/Users/강민우/Desktop/test-web-down/gloy-test/glorylawfirm.kr/kor/inc/kcaptcha/index2698.html]
[C:/Users/강민우/Desktop/test-web-down/gloy-test/glorylawfirm.kr/kor/images/sub/areas_icon3.png]
[C:/Users/강민우/Desktop/test-web-down/gloy-test/glorylawfirm.kr/kor/images/sub/areas_icon4.png]
[C:/Users/강민우/Desktop/test-web-down/gloy-test/glorylawfirm.kr/kor/images/sub/areas_icon5.png]
[C:/Users/강민우/Desktop/test-web-down/gloy-test/glorylawfirm.kr/kor/images/sub/areas_icon6.png]
[C:/Users/강민우/Desktop/test-web-down/gloy-test/glorylawfirm.kr/kor/images/sub/areas_icon7.png]
[C:/Users/강민우/Desktop/test-web-down/gloy-test/glorylawfirm.kr/kor/images/sub/areas_icon8.png]
[C:/Users/강민우/Desktop/test-web-down/gloy-test/glorylawfirm.kr/kor/images/sub/areas_icon9.png]
[C:/Users/강민우/Desktop/test-web-down/gloy-test/glorylawfirm.kr/kor/inc/kcaptcha/indexe84f.html]
[C:/Users/강민우/Desktop/test-web-down/gloy-test/glorylawfirm.kr/kor/images/sub/areas_icon10.png]
[C:/Users/강민우/Desktop/test-web-down/gloy-test/glorylawfirm.kr/kor/images/sub/areas_icon11.png]
[C:/Users/강민우/Desktop/test-web-down/gloy-test/glorylawfirm.kr/kor/images/sub/areas_icon12.png]
[C:/Users/강민우/Desktop/test-web-down/gloy-test/glorylawfirm.kr/kor/images/sub/areas_icon13.png]
[C:/Users/강민우/Desktop/test-web-down/gloy-test/glorylawfirm.kr/kor/business/areas.html]
[C:/Users/강민우/Desktop/test-web-down/gloy-test/glorylawfirm.kr/kor/images/sub/process_box1_icon1.png]
[C:/Users/강민우/Desktop/test-web-down/gloy-test/glorylawfirm.kr/kor/images/sub/process_box1_icon2.png]
[C:/Users/강민우/Desktop/test-web-down/gloy-test/glorylawfirm.kr/kor/images/sub/process_box1_icon3.png]
[C:/Users/강민우/Desktop/test-web-down/gloy-test/glorylawfirm.kr/kor/images/sub/process_box1_icon4.png]
[C:/Users/강민우/Desktop/test-web-down/gloy-test/glorylawfirm.kr/kor/images/sub/process_box1_icon5.png]
[C:/Users/강민우/Desktop/test-web-down/gloy-test/glorylawfirm.kr/kor/inc/kcaptcha/index1b94.html]
[C:/Users/강민우/Desktop/test-web-down/gloy-test/glorylawfirm.kr/kor/images/sub/process_box1_icon6.png]
[C:/Users/강민우/Desktop/test-web-down/gloy-test/glorylawfirm.kr/kor/business/process.html]
[C:/Users/강민우/Desktop/test-web-down/gloy-test/glorylawfirm.kr/se2/js/HuskyEZCreator.js]
[C:/Users/강민우/Desktop/test-web-down/gloy-test/glorylawfirm.kr/kor/inc/kcaptcha/index5bbe.html]
[C:/Users/강민우/Desktop/test-web-down/gloy-test/glorylawfirm.kr/kor/review/list.html]
[C:/Users/강민우/Desktop/test-web-down/gloy-test/glorylawfirm.kr/kor/inc/kcaptcha/indexa2aa.html]
[C:/Users/강민우/Desktop/test-web-down/gloy-test/glorylawfirm.kr/kor/review/listcf4e.html]
[C:/Users/강민우/Desktop/test-web-down/gloy-test/glorylawfirm.kr/kor/inc/kcaptcha/index3ca0.html]
[C:/Users/강민우/Desktop/test-web-down/gloy-test/glorylawfirm.kr/kor/review/list2956.html]
[C:/Users/강민우/Desktop/test-web-down/gloy-test/glorylawfirm.kr/data/staffData/0702734001686815843.png]
[C:/Users/강민우/Desktop/test-web-down/gloy-test/glorylawfirm.kr/kor/inc/kcaptcha/index91a4.html]
[C:/Users/강민우/Desktop/test-web-down/gloy-test/glorylawfirm.kr/kor/review/listbe6a.html]
[C:/Users/강민우/Desktop/test-web-down/gloy-test/glorylawfirm.kr/kor/community/notice.html]
[C:/Users/강민우/Desktop/test-web-down/gloy-test/glorylawfirm.kr/kor/inc/kcaptcha/indexa047.html]
[C:/Users/강민우/Desktop/test-web-down/gloy-test/glorylawfirm.kr/kor/community/faq.html]
[C:/Users/강민우/Desktop/test-web-down/gloy-test/glorylawfirm.kr/kor/inc/kcaptcha/index18c7.html]
[C:/Users/강민우/Desktop/test-web-down/gloy-test/glorylawfirm.kr/kor/inc/kcaptcha/index6e64.html]
[C:/Users/강민우/Desktop/test-web-down/gloy-test/glorylawfirm.kr/kor/community/legalInfo.html]
[C:/Users/강민우/Desktop/test-web-down/gloy-test/glorylawfirm.kr/kor/inc/kcaptcha/indexa2c8.html]
[C:/Users/강민우/Desktop/test-web-down/gloy-test/glorylawfirm.kr/kor/community/notice8036.html]
[C:/Users/강민우/Desktop/test-web-down/gloy-test/glorylawfirm.kr/aseoul_bbs/%EC%A0%84%EC%84%B8%EC%82%AC%EA%B8%B0+%ED%8A%B9%EB%B3%84%EB%B2%95+%EC%A3%BC%EC%9A%94+%EC%A7%80%EC%9B%90%EB%8C%80%EC%B1%858222.hwp]
[C:/Users/강민우/Desktop/test-web-down/gloy-test/glorylawfirm.kr/kor/inc/kcaptcha/index0925.html]
[C:/Users/강민우/Desktop/test-web-down/gloy-test/glorylawfirm.kr/kor/community/noticefc26.html]
[C:/Users/강민우/Desktop/test-web-down/gloy-test/glorylawfirm.kr/kor/policy/privacy.html]
[C:/Users/강민우/Desktop/test-web-down/gloy-test/cdn.smlog.co.kr/core/smart.js]
[C:/Users/강민우/Desktop/test-web-down/gloy-test/karrot-pixel.business.daangn.com/0.2/karrot-pixel.umd.js]
[C:/Users/강민우/Desktop/test-web-down/gloy-test/karrot-pixel.business.daangn.com/0.4/karrot-pixel.umd.js]
[C:/Users/강민우/Desktop/test-web-down/gloy-test/glorylawfirm.kr/kor/inc/kcaptcha/index6a98.html]
[C:/Users/강민우/Desktop/test-web-down/gloy-test/cdn.jsdelivr.net/gh/ungveloper/web-fonts/GmarketSans/font-face.css]
[C:/Users/강민우/Desktop/test-web-down/gloy-test/glorylawfirm.kr/kor/revive/index445b.html]
[C:/Users/강민우/Desktop/test-web-down/gloy-test/glorylawfirm.kr/kor/revive/indexe4f4.html]
[C:/Users/강민우/Desktop/test-web-down/gloy-test/glorylawfirm.kr/kor/inc/kcaptcha/indexe3e6.html]
[C:/Users/강민우/Desktop/test-web-down/gloy-test/glorylawfirm.kr/kor/inc/kcaptcha/indexaa7c.html]
[C:/Users/강민우/Desktop/test-web-down/gloy-test/glorylawfirm.kr/kor/inc/kcaptcha/index6d15.html]
[C:/Users/강민우/Desktop/test-web-down/gloy-test/glorylawfirm.kr/kor/revive/indexf0bc.html]
[C:/Users/강민우/Desktop/test-web-down/gloy-test/glorylawfirm.kr/kor/revive/indexeea4.html]
[C:/Users/강민우/Desktop/test-web-down/gloy-test/glorylawfirm.kr/kor/inc/kcaptcha/index699d.html]
[C:/Users/강민우/Desktop/test-web-down/gloy-test/glorylawfirm.kr/kor/inc/kcaptcha/indexc21a.html]
[C:/Users/강민우/Desktop/test-web-down/gloy-test/glorylawfirm.kr/kor/inc/kcaptcha/index5082.html]
[C:/Users/강민우/Desktop/test-web-down/gloy-test/glorylawfirm.kr/kor/inc/kcaptcha/index320c.html]
[C:/Users/강민우/Desktop/test-web-down/gloy-test/glorylawfirm.kr/kor/images/icon/icon_rock.png]
[C:/Users/강민우/Desktop/test-web-down/gloy-test/glorylawfirm.kr/kor/inc/kcaptcha/indexdf5f.html]
[C:/Users/강민우/Desktop/test-web-down/gloy-test/glorylawfirm.kr/kor/inc/kcaptcha/indexdd76.html]
[C:/Users/강민우/Desktop/test-web-down/gloy-test/glorylawfirm.kr/kor/consult/list.html]
[C:/Users/강민우/Desktop/test-web-down/gloy-test/glorylawfirm.kr/kor/revive/visit.html]
[C:/Users/강민우/Desktop/test-web-down/gloy-test/glorylawfirm.kr/kor/inc/kcaptcha/index88d2.html]
[C:/Users/강민우/Desktop/test-web-down/gloy-test/glorylawfirm.kr/kor/inc/kcaptcha/index787a.html]
[C:/Users/강민우/Desktop/test-web-down/gloy-test/glorylawfirm.kr/kor/images/common/logo_revive_new_on.png]
[C:/Users/강민우/Desktop/test-web-down/gloy-test/glorylawfirm.kr/kor/images/icon/chk3.png]
[C:/Users/강민우/Desktop/test-web-down/gloy-test/glorylawfirm.kr/kor/images/btn/btn_ar_g.png]
[C:/Users/강민우/Desktop/test-web-down/gloy-test/glorylawfirm.kr/kor/images/btn/btn_ar_b.png]
[C:/Users/강민우/Desktop/test-web-down/gloy-test/glorylawfirm.kr/kor/images/btn/btn_ar_w.png]
[C:/Users/강민우/Desktop/test-web-down/gloy-test/glorylawfirm.kr/kor/images/sub/revive_main_mobile.jpg]
[C:/Users/강민우/Desktop/test-web-down/gloy-test/glorylawfirm.kr/kor/images/sub/revive_sec07.jpg]
[C:/Users/강민우/Desktop/test-web-down/gloy-test/glorylawfirm.kr/kor/images/sub/revive_sec08.jpg]
[C:/Users/강민우/Desktop/test-web-down/gloy-test/glorylawfirm.kr/kor/images/sub/revive_sec08_mobile.jpg]
[C:/Users/강민우/Desktop/test-web-down/gloy-test/glorylawfirm.kr/kor/images/sub/revive_member_01.jpg]
[C:/Users/강민우/Desktop/test-web-down/gloy-test/glorylawfirm.kr/kor/images/sub/revive_member_02.jpg]
[C:/Users/강민우/Desktop/test-web-down/gloy-test/glorylawfirm.kr/kor/images/sub/revive_member_03.jpg]
[C:/Users/강민우/Desktop/test-web-down/gloy-test/glorylawfirm.kr/kor/images/sub/revive_member_04.jpg]
[C:/Users/강민우/Desktop/test-web-down/gloy-test/glorylawfirm.kr/kor/images/sub/revive_member_05.jpg]
[C:/Users/강민우/Desktop/test-web-down/gloy-test/glorylawfirm.kr/kor/images/sub/revive_member_06.jpg]
[C:/Users/강민우/Desktop/test-web-down/gloy-test/glorylawfirm.kr/kor/images/sub/revive_member_07.jpg]
[C:/Users/강민우/Desktop/test-web-down/gloy-test/glorylawfirm.kr/kor/images/sub/revive_sec10.jpg]
[C:/Users/강민우/Desktop/test-web-down/gloy-test/glorylawfirm.kr/kor/images/sub/revive_stepImg_01.jpg]
[C:/Users/강민우/Desktop/test-web-down/gloy-test/glorylawfirm.kr/kor/images/sub/revive_stepImg_02.jpg]
[C:/Users/강민우/Desktop/test-web-down/gloy-test/glorylawfirm.kr/kor/images/sub/revive_stepImg_03.jpg]
[C:/Users/강민우/Desktop/test-web-down/gloy-test/glorylawfirm.kr/kor/images/sub/revive_stepImg_04.jpg]
[C:/Users/강민우/Desktop/test-web-down/gloy-test/glorylawfirm.kr/kor/images/sub/revive_stepImg_05.jpg]
[C:/Users/강민우/Desktop/test-web-down/gloy-test/glorylawfirm.kr/kor/images/sub/revive_stepImg_06.jpg]
[C:/Users/강민우/Desktop/test-web-down/gloy-test/glorylawfirm.kr/kor/images/sub/revive_stepImg_07.jpg]
[C:/Users/강민우/Desktop/test-web-down/gloy-test/glorylawfirm.kr/kor/images/icon/search_w.png]
[C:/Users/강민우/Desktop/test-web-down/gloy-test/glorylawfirm.kr/kor/images/sub/revive_slidear01.png]
[C:/Users/강민우/Desktop/test-web-down/gloy-test/glorylawfirm.kr/kor/images/sub/revive_slidear02.png]
[C:/Users/강민우/Desktop/test-web-down/gloy-test/glorylawfirm.kr/kor/images/icon/arrow19.png]
[C:/Users/강민우/Desktop/test-web-down/gloy-test/glorylawfirm.kr/kor/images/btn/rev_radio_off.png]
[C:/Users/강민우/Desktop/test-web-down/gloy-test/glorylawfirm.kr/kor/images/btn/rev_radio_on_b.png]
[C:/Users/강민우/Desktop/test-web-down/gloy-test/glorylawfirm.kr/kor/images/sub/location_bg.jpg]
[C:/Users/강민우/Desktop/test-web-down/gloy-test/glorylawfirm.kr/kor/images/sub/map_bg.png]
[C:/Users/강민우/Desktop/test-web-down/gloy-test/glorylawfirm.kr/kor/images/icon/arrow2_gold.png]
[C:/Users/강민우/Desktop/test-web-down/gloy-test/glorylawfirm.kr/kor/images/icon/icon_file_g.gif]
[C:/Users/강민우/Desktop/test-web-down/gloy-test/glorylawfirm.kr/kor/images/icon/search_gold.png]
[C:/Users/강민우/Desktop/test-web-down/gloy-test/glorylawfirm.kr/kor/images/icon/tel_gold.png]
[C:/Users/강민우/Desktop/test-web-down/gloy-test/glorylawfirm.kr/kor/images/icon/kakao_gold.png]
[C:/Users/강민우/Desktop/test-web-down/gloy-test/glorylawfirm.kr/kor/css/main_revive.css]
[C:/Users/강민우/Desktop/test-web-down/gloy-test/glorylawfirm.kr/kor/images/icon/chat_gold.png]
[C:/Users/강민우/Desktop/test-web-down/gloy-test/glorylawfirm.kr/kor/images/sub/revive_main_v.jpg]
[C:/Users/강민우/Desktop/test-web-down/gloy-test/glorylawfirm.kr/kor/images/sub/revive_02_bg01.png]
[C:/Users/강민우/Desktop/test-web-down/gloy-test/glorylawfirm.kr/kor/images/sub/revive_02_btn.png]
[C:/Users/강민우/Desktop/test-web-down/gloy-test/glorylawfirm.kr/kor/images/sub/revive_02_02.jpg]
[C:/Users/강민우/Desktop/test-web-down/gloy-test/glorylawfirm.kr/kor/images/sub/revive_04_icon01.png]
[C:/Users/강민우/Desktop/test-web-down/gloy-test/glorylawfirm.kr/kor/images/sub/revive_04_icon02.png]
[C:/Users/강민우/Desktop/test-web-down/gloy-test/glorylawfirm.kr/kor/images/sub/revive_04_icon03.png]
[C:/Users/강민우/Desktop/test-web-down/gloy-test/glorylawfirm.kr/kor/images/sub/revive_04_icon04.png]
[C:/Users/강민우/Desktop/test-web-down/gloy-test/glorylawfirm.kr/kor/images/sub/revive_04_icon05.png]
[C:/Users/강민우/Desktop/test-web-down/gloy-test/glorylawfirm.kr/kor/images/sub/revive_04_icon06.png]
[C:/Users/강민우/Desktop/test-web-down/gloy-test/glorylawfirm.kr/kor/images/sub/revive_info_bg.jpg]
[C:/Users/강민우/Desktop/test-web-down/gloy-test/glorylawfirm.kr/kor/images/sub/revive_step_ar.png]
[C:/Users/강민우/Desktop/test-web-down/gloy-test/glorylawfirm.kr/kor/images/btn/rev_radio_on.png]
[C:/Users/강민우/Desktop/test-web-down/gloy-test/glorylawfirm.kr/kor/images/icon/chk_off.png]
[C:/Users/강민우/Desktop/test-web-down/gloy-test/glorylawfirm.kr/kor/images/icon/chk_on.png]
[C:/Users/강민우/Desktop/test-web-down/gloy-test/glorylawfirm.kr/kor/images/icon/chk2.png]
[C:/Users/강민우/Desktop/test-web-down/gloy-test/glorylawfirm.kr/kor/images/sub/revive_main_v_m.jpg]
[C:/Users/강민우/Desktop/test-web-down/gloy-test/glorylawfirm.kr/kor/css/sub_revive_2024.css]
[C:/Users/강민우/Desktop/test-web-down/gloy-test/glorylawfirm.kr/kor/images/sub/revive_02_02_m.jpg]
[C:/Users/강민우/Desktop/test-web-down/gloy-test/glorylawfirm.kr/kor/inc/kcaptcha/index78c8.html]
[C:/Users/강민우/Desktop/test-web-down/gloy-test/glorylawfirm.kr/data/shopData/0661811001764308420.png]
[C:/Users/강민우/Desktop/test-web-down/gloy-test/glorylawfirm.kr/data/shopData/0304330001764210938.png]
[C:/Users/강민우/Desktop/test-web-down/gloy-test/glorylawfirm.kr/data/shopData/0802808001763019733.png]
[C:/Users/강민우/Desktop/test-web-down/gloy-test/glorylawfirm.kr/data/shopData/0246697001762417220.jpg]
[C:/Users/강민우/Desktop/test-web-down/gloy-test/glorylawfirm.kr/data/shopData/0333285001761893868.png]
[C:/Users/강민우/Desktop/test-web-down/gloy-test/glorylawfirm.kr/kor/revive/successStory.html]
[C:/Users/강민우/Desktop/test-web-down/gloy-test/glorylawfirm.kr/se2/photo_uploader/upload/1708659790.bmp]
[C:/Users/강민우/Desktop/test-web-down/gloy-test/glorylawfirm.kr/kor/inc/kcaptcha/index4a4e.html]
[C:/Users/강민우/Desktop/test-web-down/gloy-test/glorylawfirm.kr/se2/photo_uploader/upload/1708659956.bmp]
[C:/Users/강민우/Desktop/test-web-down/gloy-test/glorylawfirm.kr/se2/photo_uploader/upload/1708661741.bmp]
[C:/Users/강민우/Desktop/test-web-down/gloy-test/glorylawfirm.kr/kor/revive/view5524.html]
[C:/Users/강민우/Desktop/test-web-down/gloy-test/glorylawfirm.kr/kor/inc/kcaptcha/index1ead.html]
[C:/Users/강민우/Desktop/test-web-down/gloy-test/glorylawfirm.kr/kor/revive/blog.html]
[C:/Users/강민우/Desktop/test-web-down/gloy-test/glorylawfirm.kr/kor/inc/kcaptcha/indexa3ce.html]
[C:/Users/강민우/Desktop/test-web-down/gloy-test/glorylawfirm.kr/kor/revive/review.html]
[C:/Users/강민우/Desktop/test-web-down/gloy-test/glorylawfirm.kr/kor/revive/review_view3a61.html]
[C:/Users/강민우/Desktop/test-web-down/gloy-test/glorylawfirm.kr/kor/inc/kcaptcha/index6961.html]
[C:/Users/강민우/Desktop/test-web-down/gloy-test/glorylawfirm.kr/kor/inc/kcaptcha/indexa705.html]
[C:/Users/강민우/Desktop/test-web-down/gloy-test/glorylawfirm.kr/kor/revive/review_viewb2c1.html]
[C:/Users/강민우/Desktop/test-web-down/gloy-test/glorylawfirm.kr/kor/revive/review_viewb072.html]
[C:/Users/강민우/Desktop/test-web-down/gloy-test/glorylawfirm.kr/kor/inc/kcaptcha/index7171.html]
[C:/Users/강민우/Desktop/test-web-down/gloy-test/glorylawfirm.kr/kor/revive/review_view3c77.html]
[C:/Users/강민우/Desktop/test-web-down/gloy-test/glorylawfirm.kr/kor/revive/review_view9315.html]
[C:/Users/강민우/Desktop/test-web-down/gloy-test/glorylawfirm.kr/kor/inc/kcaptcha/indexf962.html]
[C:/Users/강민우/Desktop/test-web-down/gloy-test/glorylawfirm.kr/kor/inc/kcaptcha/index3428.html]
[C:/Users/강민우/Desktop/test-web-down/gloy-test/glorylawfirm.kr/kor/revive/review_viewf9fb.html]
[C:/Users/강민우/Desktop/test-web-down/gloy-test/glorylawfirm.kr/data/staffData/index.html]
[C:/Users/강민우/Desktop/test-web-down/gloy-test/glorylawfirm.kr/kor/inc/kcaptcha/indexb72d.html]
[C:/Users/강민우/Desktop/test-web-down/gloy-test/glorylawfirm.kr/kor/images/sub/divorce_main_v.jpg]
[C:/Users/강민우/Desktop/test-web-down/gloy-test/glorylawfirm.kr/kor/images/sub/divorce_03_bg.jpg]
[C:/Users/강민우/Desktop/test-web-down/gloy-test/glorylawfirm.kr/kor/images/sub/divorce_03_icon01.png]
[C:/Users/강민우/Desktop/test-web-down/gloy-test/glorylawfirm.kr/kor/images/sub/divorce_03_icon02.png]
[C:/Users/강민우/Desktop/test-web-down/gloy-test/glorylawfirm.kr/kor/images/sub/divorce_03_icon03.png]
[C:/Users/강민우/Desktop/test-web-down/gloy-test/glorylawfirm.kr/kor/images/sub/divorce_03_btnar.png]
[C:/Users/강민우/Desktop/test-web-down/gloy-test/glorylawfirm.kr/kor/images/sub/divorce_03_slidear01.png]
[C:/Users/강민우/Desktop/test-web-down/gloy-test/glorylawfirm.kr/kor/images/sub/divorce_03_slidear02.png]
[C:/Users/강민우/Desktop/test-web-down/gloy-test/glorylawfirm.kr/kor/images/sub/divorce_05_bg.jpg]
[C:/Users/강민우/Desktop/test-web-down/gloy-test/glorylawfirm.kr/kor/images/sub/divorce_main_v_m.jpg]
[C:/Users/강민우/Desktop/test-web-down/gloy-test/glorylawfirm.kr/kor/css/sub_divorce.css]
[C:/Users/강민우/Desktop/test-web-down/gloy-test/glorylawfirm.kr/kor/divorce/case_list.html]
[C:/Users/강민우/Desktop/test-web-down/gloy-test/glorylawfirm.kr/se2/photo_uploader/upload/1718331410.jpg]
[C:/Users/강민우/Desktop/test-web-down/gloy-test/glorylawfirm.kr/se2/photo_uploader/upload/1718331431.jpg]
[C:/Users/강민우/Desktop/test-web-down/gloy-test/glorylawfirm.kr/kor/divorce/case_list1227.html]
[C:/Users/강민우/Desktop/test-web-down/gloy-test/glorylawfirm.kr/se2/photo_uploader/upload/1718330434.jpg]
[C:/Users/강민우/Desktop/test-web-down/gloy-test/glorylawfirm.kr/se2/photo_uploader/upload/1718330501.jpg]
[C:/Users/강민우/Desktop/test-web-down/gloy-test/glorylawfirm.kr/se2/photo_uploader/upload/1718330521.jpg]
[C:/Users/강민우/Desktop/test-web-down/gloy-test/glorylawfirm.kr/se2/photo_uploader/upload/1718330528.jpg]
[C:/Users/강민우/Desktop/test-web-down/gloy-test/glorylawfirm.kr/kor/divorce/case_listb5d0.html]
[C:/Users/강민우/Desktop/test-web-down/gloy-test/glorylawfirm.kr/se2/photo_uploader/upload/1718328896.jpg]
[C:/Users/강민우/Desktop/test-web-down/gloy-test/glorylawfirm.kr/se2/photo_uploader/upload/1718328900.jpg]
[C:/Users/강민우/Desktop/test-web-down/gloy-test/glorylawfirm.kr/se2/photo_uploader/upload/1718328905.jpg]
[C:/Users/강민우/Desktop/test-web-down/gloy-test/glorylawfirm.kr/se2/photo_uploader/upload/1718328918.jpg]
[C:/Users/강민우/Desktop/test-web-down/gloy-test/glorylawfirm.kr/kor/divorce/case_listc6f6.html]
[C:/Users/강민우/Desktop/test-web-down/gloy-test/glorylawfirm.kr/se2/photo_uploader/upload/1688093991.jpg]
[C:/Users/강민우/Desktop/test-web-down/gloy-test/glorylawfirm.kr/se2/photo_uploader/upload/1688094045.jpg]
[C:/Users/강민우/Desktop/test-web-down/gloy-test/glorylawfirm.kr/se2/photo_uploader/upload/1688094053.jpg]
[C:/Users/강민우/Desktop/test-web-down/gloy-test/glorylawfirm.kr/kor/divorce/case_list109c.html]
[C:/Users/강민우/Desktop/test-web-down/gloy-test/glorylawfirm.kr/se2/photo_uploader/upload/1688092581.jpg]
[C:/Users/강민우/Desktop/test-web-down/gloy-test/glorylawfirm.kr/se2/photo_uploader/upload/1688092648.jpg]
[C:/Users/강민우/Desktop/test-web-down/gloy-test/glorylawfirm.kr/se2/photo_uploader/upload/1688092696.jpg]
[C:/Users/강민우/Desktop/test-web-down/gloy-test/glorylawfirm.kr/se2/photo_uploader/upload/1688092715.jpg]
[C:/Users/강민우/Desktop/test-web-down/gloy-test/glorylawfirm.kr/se2/photo_uploader/upload/1688092743.jpg]
[C:/Users/강민우/Desktop/test-web-down/gloy-test/glorylawfirm.kr/se2/photo_uploader/upload/1688092765.jpg]
[C:/Users/강민우/Desktop/test-web-down/gloy-test/glorylawfirm.kr/kor/divorce/case_list1864.html]
[C:/Users/강민우/Desktop/test-web-down/gloy-test/glorylawfirm.kr/se2/photo_uploader/upload/1688094180.jpg]
[C:/Users/강민우/Desktop/test-web-down/gloy-test/glorylawfirm.kr/se2/photo_uploader/upload/1688094210.jpg]
[C:/Users/강민우/Desktop/test-web-down/gloy-test/glorylawfirm.kr/se2/photo_uploader/upload/1688094251.jpg]
[C:/Users/강민우/Desktop/test-web-down/gloy-test/glorylawfirm.kr/se2/photo_uploader/upload/1688094259.jpg]
[C:/Users/강민우/Desktop/test-web-down/gloy-test/glorylawfirm.kr/kor/divorce/case_liste607.html]
[C:/Users/강민우/Desktop/test-web-down/gloy-test/glorylawfirm.kr/se2/photo_uploader/upload/1688015813.jpg]
[C:/Users/강민우/Desktop/test-web-down/gloy-test/glorylawfirm.kr/se2/photo_uploader/upload/1688015937.jpg]
[C:/Users/강민우/Desktop/test-web-down/gloy-test/glorylawfirm.kr/se2/photo_uploader/upload/1688015974.jpg]
[C:/Users/강민우/Desktop/test-web-down/gloy-test/glorylawfirm.kr/kor/divorce/case_list1def.html]
[C:/Users/강민우/Desktop/test-web-down/gloy-test/glorylawfirm.kr/se2/photo_uploader/upload/1688015273.jpg]
[C:/Users/강민우/Desktop/test-web-down/gloy-test/glorylawfirm.kr/se2/photo_uploader/upload/1688015339.jpg]
[C:/Users/강민우/Desktop/test-web-down/gloy-test/glorylawfirm.kr/se2/photo_uploader/upload/1688015358.jpg]
[C:/Users/강민우/Desktop/test-web-down/gloy-test/glorylawfirm.kr/se2/photo_uploader/upload/1688015376.png]
[C:/Users/강민우/Desktop/test-web-down/gloy-test/glorylawfirm.kr/se2/photo_uploader/upload/1688015383.png]
[C:/Users/강민우/Desktop/test-web-down/gloy-test/glorylawfirm.kr/kor/divorce/case_list3499.html]
[C:/Users/강민우/Desktop/test-web-down/gloy-test/glorylawfirm.kr/se2/photo_uploader/upload/1688004590.jpg]
[C:/Users/강민우/Desktop/test-web-down/gloy-test/glorylawfirm.kr/se2/photo_uploader/upload/1688004623.jpg]
[C:/Users/강민우/Desktop/test-web-down/gloy-test/glorylawfirm.kr/se2/photo_uploader/upload/1688004643.jpg]
[C:/Users/강민우/Desktop/test-web-down/gloy-test/glorylawfirm.kr/se2/photo_uploader/upload/1688004693.jpg]
[C:/Users/강민우/Desktop/test-web-down/gloy-test/glorylawfirm.kr/se2/photo_uploader/upload/1688004734.jpg]
[C:/Users/강민우/Desktop/test-web-down/gloy-test/glorylawfirm.kr/se2/photo_uploader/upload/1688004744.jpg]
[C:/Users/강민우/Desktop/test-web-down/gloy-test/glorylawfirm.kr/kor/divorce/case_lista5fe.html]
[C:/Users/강민우/Desktop/test-web-down/gloy-test/glorylawfirm.kr/kor/inc/kcaptcha/index1c48.html]
[C:/Users/강민우/Desktop/test-web-down/gloy-test/glorylawfirm.kr/kor/company/intro.php/index.html]
[C:/Users/강민우/Desktop/test-web-down/gloy-test/glorylawfirm.kr/kor/inc/kcaptcha/indexeb0e.html]
[C:/Users/강민우/Desktop/test-web-down/gloy-test/glorylawfirm.kr/kor/company/speciality.php/index.html]
[C:/Users/강민우/Desktop/test-web-down/gloy-test/glorylawfirm.kr/kor/inc/kcaptcha/indexcf50.html]
[C:/Users/강민우/Desktop/test-web-down/gloy-test/glorylawfirm.kr/kor/company/members.php/index.html]
[C:/Users/강민우/Desktop/test-web-down/gloy-test/glorylawfirm.kr/data/staffData/0615653001700454817.jpg]
[C:/Users/강민우/Desktop/test-web-down/gloy-test/glorylawfirm.kr/data/staffData/0472349001712103650.png]
[C:/Users/강민우/Desktop/test-web-down/gloy-test/glorylawfirm.kr/data/staffData/0948731001705992758.jpg]
[C:/Users/강민우/Desktop/test-web-down/gloy-test/glorylawfirm.kr/data/staffData/0770314001705992728.jpg]
[C:/Users/강민우/Desktop/test-web-down/gloy-test/glorylawfirm.kr/data/staffData/0022060001706661382.jpg]
[C:/Users/강민우/Desktop/test-web-down/gloy-test/glorylawfirm.kr/kor/inc/kcaptcha/indexe804.html]
[C:/Users/강민우/Desktop/test-web-down/gloy-test/glorylawfirm.kr/data/staffData/0861271001717058521.jpg]
[C:/Users/강민우/Desktop/test-web-down/gloy-test/glorylawfirm.kr/data/staffData/0795829001718339387.jpg]
[C:/Users/강민우/Desktop/test-web-down/gloy-test/glorylawfirm.kr/data/staffData/0154129001740125676.png]
[C:/Users/강민우/Desktop/test-web-down/gloy-test/glorylawfirm.kr/data/staffData/0008069001726017576.jpg]
[C:/Users/강민우/Desktop/test-web-down/gloy-test/glorylawfirm.kr/data/staffData/0518918001736395555.jpg]
[C:/Users/강민우/Desktop/test-web-down/gloy-test/glorylawfirm.kr/kor/company/membersea31.html]
[C:/Users/강민우/Desktop/test-web-down/gloy-test/glorylawfirm.kr/data/staffData/0927059001740125999.jpg]
[C:/Users/강민우/Desktop/test-web-down/gloy-test/glorylawfirm.kr/kor/inc/kcaptcha/indexd8c3.html]
[C:/Users/강민우/Desktop/test-web-down/gloy-test/glorylawfirm.kr/data/staffData/0963166001740125842.png]
[C:/Users/강민우/Desktop/test-web-down/gloy-test/glorylawfirm.kr/data/staffData/0177905001740125865.jpg]
[C:/Users/강민우/Desktop/test-web-down/gloy-test/glorylawfirm.kr/data/staffData/0274912001747268218.jpg]
[C:/Users/강민우/Desktop/test-web-down/gloy-test/glorylawfirm.kr/data/staffData/0772825001747268441.jpg]
[C:/Users/강민우/Desktop/test-web-down/gloy-test/glorylawfirm.kr/data/staffData/0252115001748397497.jpg]
[C:/Users/강민우/Desktop/test-web-down/gloy-test/glorylawfirm.kr/data/staffData/0319191001748397582.jpg]
[C:/Users/강민우/Desktop/test-web-down/gloy-test/glorylawfirm.kr/data/staffData/0534063001748397733.jpg]
[C:/Users/강민우/Desktop/test-web-down/gloy-test/glorylawfirm.kr/data/staffData/0212630001748397984.jpg]
[C:/Users/강민우/Desktop/test-web-down/gloy-test/glorylawfirm.kr/data/staffData/0048553001750066272.jpg]
[C:/Users/강민우/Desktop/test-web-down/gloy-test/glorylawfirm.kr/kor/company/members82d9.html]
[C:/Users/강민우/Desktop/test-web-down/gloy-test/glorylawfirm.kr/data/staffData/0913443001750840594.jpg]
[C:/Users/강민우/Desktop/test-web-down/gloy-test/glorylawfirm.kr/kor/company/members0f31.html]
[C:/Users/강민우/Desktop/test-web-down/gloy-test/glorylawfirm.kr/kor/company/members_pop.html]
[C:/Users/강민우/Desktop/test-web-down/gloy-test/glorylawfirm.kr/kor/inc/kcaptcha/index8eb1.html]
[C:/Users/강민우/Desktop/test-web-down/gloy-test/glorylawfirm.kr/kor/inc/kcaptcha/index1ae0.html]
[C:/Users/강민우/Desktop/test-web-down/gloy-test/glorylawfirm.kr/kor/company/location.php/index.html]
[C:/Users/강민우/Desktop/test-web-down/gloy-test/glorylawfirm.kr/kor/inc/kcaptcha/indexd53f.html]
[C:/Users/강민우/Desktop/test-web-down/gloy-test/glorylawfirm.kr/kor/business/areas.php/index.html]
[C:/Users/강민우/Desktop/test-web-down/gloy-test/glorylawfirm.kr/kor/inc/kcaptcha/index478a.html]
[C:/Users/강민우/Desktop/test-web-down/gloy-test/glorylawfirm.kr/kor/business/process.php/index.html]
[C:/Users/강민우/Desktop/test-web-down/gloy-test/glorylawfirm.kr/kor/inc/kcaptcha/index735d.html]
[C:/Users/강민우/Desktop/test-web-down/gloy-test/glorylawfirm.kr/kor/review/list.php/index.html]
[C:/Users/강민우/Desktop/test-web-down/gloy-test/glorylawfirm.kr/kor/review/listcfc4.html]
[C:/Users/강민우/Desktop/test-web-down/gloy-test/glorylawfirm.kr/kor/review/listc27e.html]
[C:/Users/강민우/Desktop/test-web-down/gloy-test/glorylawfirm.kr/kor/review/list1a64.html]
[C:/Users/강민우/Desktop/test-web-down/gloy-test/glorylawfirm.kr/kor/review/list2b87.html]
[C:/Users/강민우/Desktop/test-web-down/gloy-test/glorylawfirm.kr/kor/review/list7643.html]
[C:/Users/강민우/Desktop/test-web-down/gloy-test/glorylawfirm.kr/kor/inc/kcaptcha/index6458.html]
[C:/Users/강민우/Desktop/test-web-down/gloy-test/glorylawfirm.kr/kor/inc/kcaptcha/index28ee.html]
[C:/Users/강민우/Desktop/test-web-down/gloy-test/glorylawfirm.kr/kor/review/list2fbe.html]
[C:/Users/강민우/Desktop/test-web-down/gloy-test/glorylawfirm.kr/kor/inc/kcaptcha/indexf1c8.html]
[C:/Users/강민우/Desktop/test-web-down/gloy-test/glorylawfirm.kr/kor/inc/kcaptcha/index3114.html]
[C:/Users/강민우/Desktop/test-web-down/gloy-test/glorylawfirm.kr/kor/inc/kcaptcha/indexd943.html]
[C:/Users/강민우/Desktop/test-web-down/gloy-test/glorylawfirm.kr/kor/review/list891d.html]
[C:/Users/강민우/Desktop/test-web-down/gloy-test/glorylawfirm.kr/kor/inc/kcaptcha/index9ce2.html]
[C:/Users/강민우/Desktop/test-web-down/gloy-test/glorylawfirm.kr/kor/inc/kcaptcha/indexae7b.html]
[C:/Users/강민우/Desktop/test-web-down/gloy-test/glorylawfirm.kr/kor/review/list3a30.html]
[C:/Users/강민우/Desktop/test-web-down/gloy-test/glorylawfirm.kr/kor/inc/kcaptcha/index5169.html]
[C:/Users/강민우/Desktop/test-web-down/gloy-test/glorylawfirm.kr/kor/inc/kcaptcha/index9495.html]
[C:/Users/강민우/Desktop/test-web-down/gloy-test/glorylawfirm.kr/kor/review/list22cb.html]
[C:/Users/강민우/Desktop/test-web-down/gloy-test/glorylawfirm.kr/kor/inc/kcaptcha/index1859.html]
[C:/Users/강민우/Desktop/test-web-down/gloy-test/glorylawfirm.kr/kor/review/list5bbd.html]
[C:/Users/강민우/Desktop/test-web-down/gloy-test/glorylawfirm.kr/kor/inc/kcaptcha/index8ba8.html]
[C:/Users/강민우/Desktop/test-web-down/gloy-test/glorylawfirm.kr/kor/review/list0dfa.html]
[C:/Users/강민우/Desktop/test-web-down/gloy-test/glorylawfirm.kr/kor/inc/kcaptcha/index171f.html]
[C:/Users/강민우/Desktop/test-web-down/gloy-test/glorylawfirm.kr/kor/review/list961d.html]
[C:/Users/강민우/Desktop/test-web-down/gloy-test/glorylawfirm.kr/kor/inc/kcaptcha/indexc6f6.html]
[C:/Users/강민우/Desktop/test-web-down/gloy-test/glorylawfirm.kr/kor/review/listaea9.html]
[C:/Users/강민우/Desktop/test-web-down/gloy-test/glorylawfirm.kr/kor/inc/kcaptcha/indexc7df.html]
[C:/Users/강민우/Desktop/test-web-down/gloy-test/glorylawfirm.kr/kor/review/listd445.html]
[C:/Users/강민우/Desktop/test-web-down/gloy-test/glorylawfirm.kr/kor/review/list633d.html]
[C:/Users/강민우/Desktop/test-web-down/gloy-test/glorylawfirm.kr/kor/inc/kcaptcha/index12ce.html]
[C:/Users/강민우/Desktop/test-web-down/gloy-test/glorylawfirm.kr/kor/inc/kcaptcha/indexa2a3.html]
[C:/Users/강민우/Desktop/test-web-down/gloy-test/glorylawfirm.kr/kor/review/listf6d7.html]
[C:/Users/강민우/Desktop/test-web-down/gloy-test/glorylawfirm.kr/kor/inc/kcaptcha/indexc761.html]
[C:/Users/강민우/Desktop/test-web-down/gloy-test/glorylawfirm.kr/kor/review/list5f7d.html]
[C:/Users/강민우/Desktop/test-web-down/gloy-test/glorylawfirm.kr/kor/inc/kcaptcha/index3842.html]
[C:/Users/강민우/Desktop/test-web-down/gloy-test/glorylawfirm.kr/kor/review/list164e.html]
[C:/Users/강민우/Desktop/test-web-down/gloy-test/glorylawfirm.kr/kor/review/list19bb.html]
[C:/Users/강민우/Desktop/test-web-down/gloy-test/glorylawfirm.kr/kor/inc/kcaptcha/index93c5.html]
[C:/Users/강민우/Desktop/test-web-down/gloy-test/glorylawfirm.kr/kor/inc/kcaptcha/indexcfd2.html]
[C:/Users/강민우/Desktop/test-web-down/gloy-test/glorylawfirm.kr/kor/review/list3060.html]
[C:/Users/강민우/Desktop/test-web-down/gloy-test/glorylawfirm.kr/kor/review/listeb5d.html]
[C:/Users/강민우/Desktop/test-web-down/gloy-test/glorylawfirm.kr/kor/inc/kcaptcha/index0d7e.html]
[C:/Users/강민우/Desktop/test-web-down/gloy-test/glorylawfirm.kr/kor/inc/kcaptcha/indexaeaa.html]
[C:/Users/강민우/Desktop/test-web-down/gloy-test/glorylawfirm.kr/kor/review/list79ae.html]
[C:/Users/강민우/Desktop/test-web-down/gloy-test/glorylawfirm.kr/kor/inc/kcaptcha/indexf3af.html]
[C:/Users/강민우/Desktop/test-web-down/gloy-test/glorylawfirm.kr/kor/review/list62f4.html]
[C:/Users/강민우/Desktop/test-web-down/gloy-test/glorylawfirm.kr/kor/inc/kcaptcha/index992d.html]
[C:/Users/강민우/Desktop/test-web-down/gloy-test/glorylawfirm.kr/kor/review/listcf14.html]
[C:/Users/강민우/Desktop/test-web-down/gloy-test/glorylawfirm.kr/kor/inc/kcaptcha/indexd09f.html]
[C:/Users/강민우/Desktop/test-web-down/gloy-test/glorylawfirm.kr/kor/review/list0a7b.html]
[C:/Users/강민우/Desktop/test-web-down/gloy-test/glorylawfirm.kr/kor/inc/kcaptcha/index89fe.html]
[C:/Users/강민우/Desktop/test-web-down/gloy-test/glorylawfirm.kr/kor/review/list71f7.html]
[C:/Users/강민우/Desktop/test-web-down/gloy-test/glorylawfirm.kr/kor/inc/kcaptcha/index70b5.html]
[C:/Users/강민우/Desktop/test-web-down/gloy-test/glorylawfirm.kr/kor/review/list72cf.html]
[C:/Users/강민우/Desktop/test-web-down/gloy-test/glorylawfirm.kr/kor/inc/kcaptcha/indexad5a.html]
[C:/Users/강민우/Desktop/test-web-down/gloy-test/glorylawfirm.kr/kor/review/list0875.html]
[C:/Users/강민우/Desktop/test-web-down/gloy-test/glorylawfirm.kr/kor/inc/kcaptcha/index9aaf.html]
[C:/Users/강민우/Desktop/test-web-down/gloy-test/glorylawfirm.kr/kor/review/listc5a9.html]
[C:/Users/강민우/Desktop/test-web-down/gloy-test/glorylawfirm.kr/kor/inc/kcaptcha/index4599.html]
[C:/Users/강민우/Desktop/test-web-down/gloy-test/glorylawfirm.kr/kor/review/list69c7.html]
[C:/Users/강민우/Desktop/test-web-down/gloy-test/glorylawfirm.kr/kor/review/liste9b0.html]
[C:/Users/강민우/Desktop/test-web-down/gloy-test/glorylawfirm.kr/kor/review/listc487.html]
[C:/Users/강민우/Desktop/test-web-down/gloy-test/glorylawfirm.kr/kor/review/list6287.html]
[C:/Users/강민우/Desktop/test-web-down/gloy-test/glorylawfirm.kr/kor/inc/kcaptcha/indexaf79.html]
[C:/Users/강민우/Desktop/test-web-down/gloy-test/glorylawfirm.kr/kor/inc/kcaptcha/indexbde1.html]
[C:/Users/강민우/Desktop/test-web-down/gloy-test/glorylawfirm.kr/kor/review/listd057.html]
[C:/Users/강민우/Desktop/test-web-down/gloy-test/glorylawfirm.kr/kor/inc/kcaptcha/index7da0.html]
[C:/Users/강민우/Desktop/test-web-down/gloy-test/glorylawfirm.kr/kor/inc/kcaptcha/index2879.html]
[C:/Users/강민우/Desktop/test-web-down/gloy-test/glorylawfirm.kr/kor/review/list1b7f.html]
[C:/Users/강민우/Desktop/test-web-down/gloy-test/glorylawfirm.kr/kor/inc/kcaptcha/indexddc8.html]
[C:/Users/강민우/Desktop/test-web-down/gloy-test/glorylawfirm.kr/kor/inc/kcaptcha/index44e4.html]
[C:/Users/강민우/Desktop/test-web-down/gloy-test/glorylawfirm.kr/kor/review/listd9a4.html]
[C:/Users/강민우/Desktop/test-web-down/gloy-test/glorylawfirm.kr/kor/inc/kcaptcha/indexcbe7.html]
[C:/Users/강민우/Desktop/test-web-down/gloy-test/glorylawfirm.kr/kor/review/listc2d5.html]
[C:/Users/강민우/Desktop/test-web-down/gloy-test/glorylawfirm.kr/kor/inc/kcaptcha/index20c8.html]
[C:/Users/강민우/Desktop/test-web-down/gloy-test/glorylawfirm.kr/kor/review/list0361.html]
[C:/Users/강민우/Desktop/test-web-down/gloy-test/glorylawfirm.kr/kor/inc/kcaptcha/index650c.html]
[C:/Users/강민우/Desktop/test-web-down/gloy-test/glorylawfirm.kr/kor/review/list49aa.html]
[C:/Users/강민우/Desktop/test-web-down/gloy-test/glorylawfirm.kr/kor/review/list5c60.html]
[C:/Users/강민우/Desktop/test-web-down/gloy-test/glorylawfirm.kr/kor/inc/kcaptcha/index0a03.html]
[C:/Users/강민우/Desktop/test-web-down/gloy-test/glorylawfirm.kr/kor/inc/kcaptcha/index38c6.html]
[C:/Users/강민우/Desktop/test-web-down/gloy-test/glorylawfirm.kr/kor/review/list5237.html]
[C:/Users/강민우/Desktop/test-web-down/gloy-test/glorylawfirm.kr/kor/inc/kcaptcha/index3c99.html]
[C:/Users/강민우/Desktop/test-web-down/gloy-test/glorylawfirm.kr/kor/review/listb99d.html]
[C:/Users/강민우/Desktop/test-web-down/gloy-test/glorylawfirm.kr/kor/review/listef1c.html]
[C:/Users/강민우/Desktop/test-web-down/gloy-test/glorylawfirm.kr/kor/review/listf1dc.html]
[C:/Users/강민우/Desktop/test-web-down/gloy-test/glorylawfirm.kr/kor/review/list63d5.html]
[C:/Users/강민우/Desktop/test-web-down/gloy-test/glorylawfirm.kr/kor/inc/kcaptcha/index1a2f.html]
[C:/Users/강민우/Desktop/test-web-down/gloy-test/glorylawfirm.kr/kor/inc/kcaptcha/indexd658.html]
[C:/Users/강민우/Desktop/test-web-down/gloy-test/glorylawfirm.kr/kor/review/list6b60.html]
[C:/Users/강민우/Desktop/test-web-down/gloy-test/glorylawfirm.kr/kor/inc/kcaptcha/indexf860.html]
[C:/Users/강민우/Desktop/test-web-down/gloy-test/glorylawfirm.kr/kor/inc/kcaptcha/index5f01.html]
[C:/Users/강민우/Desktop/test-web-down/gloy-test/glorylawfirm.kr/kor/review/list50c6.html]
[C:/Users/강민우/Desktop/test-web-down/gloy-test/glorylawfirm.kr/kor/inc/kcaptcha/index2664.html]
[C:/Users/강민우/Desktop/test-web-down/gloy-test/glorylawfirm.kr/kor/inc/kcaptcha/index93d0.html]
[C:/Users/강민우/Desktop/test-web-down/gloy-test/glorylawfirm.kr/kor/review/list7f96.html]
[C:/Users/강민우/Desktop/test-web-down/gloy-test/glorylawfirm.kr/kor/inc/kcaptcha/index8440.html]
[C:/Users/강민우/Desktop/test-web-down/gloy-test/glorylawfirm.kr/kor/review/listc6d0.html]
[C:/Users/강민우/Desktop/test-web-down/gloy-test/glorylawfirm.kr/kor/inc/kcaptcha/index190d.html]
[C:/Users/강민우/Desktop/test-web-down/gloy-test/glorylawfirm.kr/kor/review/list1feb.html]
[C:/Users/강민우/Desktop/test-web-down/gloy-test/glorylawfirm.kr/kor/inc/kcaptcha/indexcb89.html]
[C:/Users/강민우/Desktop/test-web-down/gloy-test/glorylawfirm.kr/kor/community/notice.php/index.html]
[C:/Users/강민우/Desktop/test-web-down/gloy-test/glorylawfirm.kr/kor/community/noticeaa9c.html]
[C:/Users/강민우/Desktop/test-web-down/gloy-test/glorylawfirm.kr/kor/inc/kcaptcha/index991b.html]
[C:/Users/강민우/Desktop/test-web-down/gloy-test/glorylawfirm.kr/kor/community/notice2fa0.html]
[C:/Users/강민우/Desktop/test-web-down/gloy-test/glorylawfirm.kr/kor/inc/kcaptcha/indexd5c8.html]
[C:/Users/강민우/Desktop/test-web-down/gloy-test/glorylawfirm.kr/kor/inc/kcaptcha/indexaf6a.html]
[C:/Users/강민우/Desktop/test-web-down/gloy-test/glorylawfirm.kr/kor/community/faq.php/index.html]
[C:/Users/강민우/Desktop/test-web-down/gloy-test/glorylawfirm.kr/kor/community/faq103f.html]
[C:/Users/강민우/Desktop/test-web-down/gloy-test/glorylawfirm.kr/kor/inc/kcaptcha/index3dde.html]
[C:/Users/강민우/Desktop/test-web-down/gloy-test/glorylawfirm.kr/kor/community/faqd476.html]
[C:/Users/강민우/Desktop/test-web-down/gloy-test/glorylawfirm.kr/kor/inc/kcaptcha/index7013.html]
[C:/Users/강민우/Desktop/test-web-down/gloy-test/glorylawfirm.kr/kor/inc/kcaptcha/index39f4.html]
[C:/Users/강민우/Desktop/test-web-down/gloy-test/glorylawfirm.kr/kor/community/legalInfo.php/index.html]
[C:/Users/강민우/Desktop/test-web-down/gloy-test/imgnews.pstatic.net/image/022/2023/08/08/20230807515509_20230808072003337ee09.jpg]
[C:/Users/강민우/Desktop/test-web-down/gloy-test/imgnews.pstatic.net/image/022/2023/08/08/20230807515570_20230808072003344ee09.jpg]
[C:/Users/강민우/Desktop/test-web-down/gloy-test/imgnews.pstatic.net/image/022/2023/08/08/20230807515511_20230808072003348ee09.jpg]
[C:/Users/강민우/Desktop/test-web-down/gloy-test/glorylawfirm.kr/kor/inc/kcaptcha/indexd8e1.html]
[C:/Users/강민우/Desktop/test-web-down/gloy-test/imgnews.pstatic.net/image/022/2023/08/08/20230807515513_20230808072003362ee09.jpg]
[C:/Users/강민우/Desktop/test-web-down/gloy-test/imgnews.pstatic.net/image/022/2023/08/08/20230807515515_20230808072003367ee09.jpg]
[C:/Users/강민우/Desktop/test-web-down/gloy-test/glorylawfirm.kr/kor/community/legalInfo334f.html]
[C:/Users/강민우/Desktop/test-web-down/gloy-test/glorylawfirm.kr/kor/inc/kcaptcha/index0fd2.html]
[C:/Users/강민우/Desktop/test-web-down/gloy-test/img.segye.com/content/image/2023/06/11/20230611513405.jpg]
[C:/Users/강민우/Desktop/test-web-down/gloy-test/img.segye.com/content/image/2023/08/06/20230806508911.jpg]
[C:/Users/강민우/Desktop/test-web-down/gloy-test/glorylawfirm.kr/kor/community/legalInfo9e21.html]
[C:/Users/강민우/Desktop/test-web-down/gloy-test/glorylawfirm.kr/kor/community/legalInfo0d78.html]
[C:/Users/강민우/Desktop/test-web-down/gloy-test/glorylawfirm.kr/kor/inc/kcaptcha/indexb99d.html]
[C:/Users/강민우/Desktop/test-web-down/gloy-test/glorylawfirm.kr/kor/community/legalInfoa4e4.html]
[C:/Users/강민우/Desktop/test-web-down/gloy-test/glorylawfirm.kr/kor/inc/kcaptcha/index56d7.html]
[C:/Users/강민우/Desktop/test-web-down/gloy-test/glorylawfirm.kr/kor/community/legalInfo3c80.html]
[C:/Users/강민우/Desktop/test-web-down/gloy-test/glorylawfirm.kr/kor/inc/kcaptcha/indexb77d.html]
[C:/Users/강민우/Desktop/test-web-down/gloy-test/glorylawfirm.kr/kor/community/legalInfo571c.html]
[C:/Users/강민우/Desktop/test-web-down/gloy-test/glorylawfirm.kr/kor/inc/kcaptcha/indexb3a4.html]
[C:/Users/강민우/Desktop/test-web-down/gloy-test/glorylawfirm.kr/kor/community/legalInfof303.html]
[C:/Users/강민우/Desktop/test-web-down/gloy-test/glorylawfirm.kr/kor/inc/kcaptcha/index0dfc.html]
[C:/Users/강민우/Desktop/test-web-down/gloy-test/glorylawfirm.kr/kor/community/legalInfo9e30.html]
[C:/Users/강민우/Desktop/test-web-down/gloy-test/glorylawfirm.kr/kor/inc/kcaptcha/index90ab.html]
[C:/Users/강민우/Desktop/test-web-down/gloy-test/glorylawfirm.kr/se2/photo_uploader/upload/1686817514.jpg]
[C:/Users/강민우/Desktop/test-web-down/gloy-test/glorylawfirm.kr/se2/photo_uploader/upload/1686817521.jpg]
[C:/Users/강민우/Desktop/test-web-down/gloy-test/glorylawfirm.kr/kor/inc/kcaptcha/index398b.html]
[C:/Users/강민우/Desktop/test-web-down/gloy-test/glorylawfirm.kr/se2/photo_uploader/upload/1686817528.jpg]
[C:/Users/강민우/Desktop/test-web-down/gloy-test/glorylawfirm.kr/kor/community/legalInfoc6d0.html]
[C:/Users/강민우/Desktop/test-web-down/gloy-test/glorylawfirm.kr/kor/community/notice4755.html]
[C:/Users/강민우/Desktop/test-web-down/gloy-test/glorylawfirm.kr/kor/inc/kcaptcha/indexc613.html]
[C:/Users/강민우/Desktop/test-web-down/gloy-test/glorylawfirm.kr/kor/community/notice8b07.html]
[C:/Users/강민우/Desktop/test-web-down/gloy-test/glorylawfirm.kr/kor/inc/kcaptcha/index92b7.html]
[C:/Users/강민우/Desktop/test-web-down/gloy-test/glorylawfirm.kr/kor/community/noticed41d.html]
[C:/Users/강민우/Desktop/test-web-down/gloy-test/glorylawfirm.kr/kor/inc/kcaptcha/index014e.html]
[C:/Users/강민우/Desktop/test-web-down/gloy-test/glorylawfirm.kr/kor/community/noticee1ed.html]
[C:/Users/강민우/Desktop/test-web-down/gloy-test/glorylawfirm.kr/kor/inc/kcaptcha/indexf90e.html]
[C:/Users/강민우/Desktop/test-web-down/gloy-test/glorylawfirm.kr/kor/community/notice3562.html]
[C:/Users/강민우/Desktop/test-web-down/gloy-test/glorylawfirm.kr/kor/inc/kcaptcha/index5b89.html]
[C:/Users/강민우/Desktop/test-web-down/gloy-test/glorylawfirm.kr/kor/inc/kcaptcha/index1ded.html]
[C:/Users/강민우/Desktop/test-web-down/gloy-test/glorylawfirm.kr/kor/policy/privacy.php/index.html]
[C:/Users/강민우/Desktop/test-web-down/gloy-test/glorylawfirm.kr/kor/policy/privacye9d4.html]
[C:/Users/강민우/Desktop/test-web-down/gloy-test/cdn.onetag.co.kr/0/tcs6736.js]
[C:/Users/강민우/Desktop/test-web-down/gloy-test/glorylawfirm.kr/kor/consult/password9ac5.html]
[C:/Users/강민우/Desktop/test-web-down/gloy-test/glorylawfirm.kr/kor/consult/password7fb0.html]
[C:/Users/강민우/Desktop/test-web-down/gloy-test/glorylawfirm.kr/kor/consult/password8ce1.html]
[C:/Users/강민우/Desktop/test-web-down/gloy-test/glorylawfirm.kr/kor/consult/password657c.html]
[C:/Users/강민우/Desktop/test-web-down/gloy-test/glorylawfirm.kr/kor/consult/password381f.html]
[C:/Users/강민우/Desktop/test-web-down/gloy-test/glorylawfirm.kr/kor/consult/passwordf642.html]
[C:/Users/강민우/Desktop/test-web-down/gloy-test/glorylawfirm.kr/kor/consult/password741e.html]
[C:/Users/강민우/Desktop/test-web-down/gloy-test/glorylawfirm.kr/kor/consult/password725e.html]
[C:/Users/강민우/Desktop/test-web-down/gloy-test/glorylawfirm.kr/kor/consult/passwordc0c1.html]
[C:/Users/강민우/Desktop/test-web-down/gloy-test/glorylawfirm.kr/kor/consult/password9bc0.html]
[C:/Users/강민우/Desktop/test-web-down/gloy-test/glorylawfirm.kr/kor/consult/password6c2e.html]
[C:/Users/강민우/Desktop/test-web-down/gloy-test/glorylawfirm.kr/kor/consult/password48e9.html]
[C:/Users/강민우/Desktop/test-web-down/gloy-test/glorylawfirm.kr/kor/consult/password2bee.html]
[C:/Users/강민우/Desktop/test-web-down/gloy-test/glorylawfirm.kr/kor/consult/passwordddfc.html]
[C:/Users/강민우/Desktop/test-web-down/gloy-test/glorylawfirm.kr/kor/consult/password1b32.html]
[C:/Users/강민우/Desktop/test-web-down/gloy-test/glorylawfirm.kr/kor/consult/listea31.html]
[C:/Users/강민우/Desktop/test-web-down/gloy-test/glorylawfirm.kr/kor/consult/list82d9.html]
[C:/Users/강민우/Desktop/test-web-down/gloy-test/glorylawfirm.kr/kor/consult/write.html]
[C:/Users/강민우/Desktop/test-web-down/gloy-test/glorylawfirm.kr/kor/revive/visit_cal.html]
[C:/Users/강민우/Desktop/test-web-down/gloy-test/glorylawfirm.kr/kor/revive/successStory692c.html]
[C:/Users/강민우/Desktop/test-web-down/gloy-test/glorylawfirm.kr/kor/revive/successStory81e5.html]
[C:/Users/강민우/Desktop/test-web-down/gloy-test/glorylawfirm.kr/kor/revive/successStory88a2.html]
[C:/Users/강민우/Desktop/test-web-down/gloy-test/glorylawfirm.kr/kor/revive/successStory3dc2.html]
[C:/Users/강민우/Desktop/test-web-down/gloy-test/glorylawfirm.kr/kor/revive/successStory05d0.html]
[C:/Users/강민우/Desktop/test-web-down/gloy-test/glorylawfirm.kr/kor/revive/successStoryc4ba.html]
[C:/Users/강민우/Desktop/test-web-down/gloy-test/glorylawfirm.kr/kor/revive/successStory62a8.html]
[C:/Users/강민우/Desktop/test-web-down/gloy-test/glorylawfirm.kr/kor/revive/successStoryd852.html]
[C:/Users/강민우/Desktop/test-web-down/gloy-test/glorylawfirm.kr/kor/revive/successStoryfff8.html]
[C:/Users/강민우/Desktop/test-web-down/gloy-test/glorylawfirm.kr/kor/revive/successStorya237.html]
[C:/Users/강민우/Desktop/test-web-down/gloy-test/glorylawfirm.kr/kor/revive/view68fb.html]
[C:/Users/강민우/Desktop/test-web-down/gloy-test/glorylawfirm.kr/kor/revive/view9974.html]
[C:/Users/강민우/Desktop/test-web-down/gloy-test/glorylawfirm.kr/kor/revive/viewa10a.html]
[C:/Users/강민우/Desktop/test-web-down/gloy-test/glorylawfirm.kr/kor/revive/view02b1.html]
[C:/Users/강민우/Desktop/test-web-down/gloy-test/glorylawfirm.kr/kor/revive/viewf0f7.html]
[C:/Users/강민우/Desktop/test-web-down/gloy-test/glorylawfirm.kr/kor/revive/successStoryea31.html]
[C:/Users/강민우/Desktop/test-web-down/gloy-test/glorylawfirm.kr/kor/revive/successStory82d9.html]
[C:/Users/강민우/Desktop/test-web-down/gloy-test/glorylawfirm.kr/kor/revive/successStory0f31.html]
[C:/Users/강민우/Desktop/test-web-down/gloy-test/glorylawfirm.kr/kor/revive/successStory5f68.html]
[C:/Users/강민우/Desktop/test-web-down/gloy-test/glorylawfirm.kr/kor/revive/successStoryb4b1.html]
[C:/Users/강민우/Desktop/test-web-down/gloy-test/glorylawfirm.kr/kor/revive/successStory3d09.html]
[C:/Users/강민우/Desktop/test-web-down/gloy-test/glorylawfirm.kr/kor/revive/successStoryd41d.html]
[C:/Users/강민우/Desktop/test-web-down/gloy-test/glorylawfirm.kr/kor/revive/blogea31.html]
[C:/Users/강민우/Desktop/test-web-down/gloy-test/glorylawfirm.kr/kor/revive/blog82d9.html]
[C:/Users/강민우/Desktop/test-web-down/gloy-test/glorylawfirm.kr/kor/revive/blog0f31.html]
[C:/Users/강민우/Desktop/test-web-down/gloy-test/glorylawfirm.kr/kor/revive/reviewcf4e.html]
[C:/Users/강민우/Desktop/test-web-down/gloy-test/glorylawfirm.kr/kor/revive/reviewcfc4.html]
[C:/Users/강민우/Desktop/test-web-down/gloy-test/glorylawfirm.kr/kor/revive/reviewc27e.html]
[C:/Users/강민우/Desktop/test-web-down/gloy-test/glorylawfirm.kr/kor/revive/review_view5722.html]
[C:/Users/강민우/Desktop/test-web-down/gloy-test/glorylawfirm.kr/kor/revive/review_viewb491.html]
[C:/Users/강민우/Desktop/test-web-down/gloy-test/glorylawfirm.kr/kor/revive/review_viewf1de.html]
[C:/Users/강민우/Desktop/test-web-down/gloy-test/glorylawfirm.kr/kor/revive/review_view233a.html]
[C:/Users/강민우/Desktop/test-web-down/gloy-test/glorylawfirm.kr/kor/revive/review_viewe8b8.html]
[C:/Users/강민우/Desktop/test-web-down/gloy-test/glorylawfirm.kr/kor/revive/review_view3431.html]
[C:/Users/강민우/Desktop/test-web-down/gloy-test/glorylawfirm.kr/kor/revive/reviewea31.html]
[C:/Users/강민우/Desktop/test-web-down/gloy-test/glorylawfirm.kr/kor/revive/review82d9.html]
[C:/Users/강민우/Desktop/test-web-down/gloy-test/glorylawfirm.kr/kor/revive/review0f31.html]
[C:/Users/강민우/Desktop/test-web-down/gloy-test/glorylawfirm.kr/kor/revive/review5f68.html]
[C:/Users/강민우/Desktop/test-web-down/gloy-test/glorylawfirm.kr/kor/revive/reviewb4b1.html]
[C:/Users/강민우/Desktop/test-web-down/gloy-test/glorylawfirm.kr/kor/revive/review7d80.html]
[C:/Users/강민우/Desktop/test-web-down/gloy-test/glorylawfirm.kr/kor/revive/review_view4b30.html]
[C:/Users/강민우/Desktop/test-web-down/gloy-test/glorylawfirm.kr/kor/revive/review_view8408.html]
[C:/Users/강민우/Desktop/test-web-down/gloy-test/glorylawfirm.kr/kor/revive/review_view4aa5.html]
[C:/Users/강민우/Desktop/test-web-down/gloy-test/glorylawfirm.kr/kor/revive/review_view39fb.html]
[C:/Users/강민우/Desktop/test-web-down/gloy-test/glorylawfirm.kr/kor/revive/review_view5738.html]
[C:/Users/강민우/Desktop/test-web-down/gloy-test/glorylawfirm.kr/kor/revive/review_viewf443.html]
[C:/Users/강민우/Desktop/test-web-down/gloy-test/glorylawfirm.kr/kor/revive/review_view0140.html]
[C:/Users/강민우/Desktop/test-web-down/gloy-test/glorylawfirm.kr/kor/divorce/case_list577f.html]
[C:/Users/강민우/Desktop/test-web-down/gloy-test/glorylawfirm.kr/kor/divorce/case_list6fc1.html]
[C:/Users/강민우/Desktop/test-web-down/gloy-test/glorylawfirm.kr/kor/divorce/case_list8210.html]
[C:/Users/강민우/Desktop/test-web-down/gloy-test/glorylawfirm.kr/kor/divorce/case_list6247.html]
[C:/Users/강민우/Desktop/test-web-down/gloy-test/glorylawfirm.kr/kor/divorce/case_listaeed.html]
[C:/Users/강민우/Desktop/test-web-down/gloy-test/glorylawfirm.kr/kor/divorce/case_list6199.html]
[C:/Users/강민우/Desktop/test-web-down/gloy-test/glorylawfirm.kr/kor/divorce/case_list27d6.html]
[C:/Users/강민우/Desktop/test-web-down/gloy-test/glorylawfirm.kr/kor/divorce/case_liste70f.html]
[C:/Users/강민우/Desktop/test-web-down/gloy-test/glorylawfirm.kr/kor/divorce/case_list9f9d.html]
[C:/Users/강민우/Desktop/test-web-down/gloy-test/postfiles.pstatic.net/MjAyMDEwMDdfMTM4/MDAxNjAyMDU4MTc2MzU1.WlMYWfgdu2A-33i2vZqDoPBUpfFg8qfnJYLXFdcqXGwg.q3uaFVJu4F1MCEj_6hrzqjHfd9GMZbfvocGyXJdOWH4g.JPEG.lawandfirm5/캡처5061.html]
[C:/Users/강민우/Desktop/test-web-down/gloy-test/postfiles.pstatic.net/MjAyMzA2MDdfMjQ5/MDAxNjg2MDk4NDA2OTk3.pBpni0VXugtnUPnO5Y9JpMdCBFJ7pp4xf34cryixK-8g.QPxJZroiMW2_G5v_BH48hePBWx9rl1DnbDuYYI3dgy4g.JPEG.glorylawfirm/분양권재산분할b432.html]
[C:/Users/강민우/Desktop/test-web-down/gloy-test/glorylawfirm.kr/kor/divorce/case_list2da5.html]
[C:/Users/강민우/Desktop/test-web-down/gloy-test/glorylawfirm.kr/kor/divorce/case_listae23.html]
[C:/Users/강민우/Desktop/test-web-down/gloy-test/glorylawfirm.kr/kor/divorce/case_listd41d.html]
[C:/Users/강민우/Desktop/test-web-down/gloy-test/glorylawfirm.kr/kor/divorce/case_list62b1.html]
[C:/Users/강민우/Desktop/test-web-down/gloy-test/postfiles.pstatic.net/MjAyMDEwMTRfMTcz/MDAxNjAyNjY0MDk0NDE4.vxa34fUYvoMRI9vXo-MGIcz_Qf9zXBkC-yswDZ9QAa4g.04lyEPxV-yxiaQ79ESjtvvjXrtu9WP6Gwntik7isdXwg.JPEG.lawandfirm5/재산분할명세표_서병연0015061.html]
[C:/Users/강민우/Desktop/test-web-down/gloy-test/postfiles.pstatic.net/MjAyMzA2MDdfMjQx/MDAxNjg2MTIyNDM3Njk1.dWiWjvPS__QCR-WH40nlpo_WcmcuRlf7O6Rc9g9IOCUg.um8E_YNQ8sXhAu-lZ5visXKJPHWWVN_iRUSYIm-RE5kg.JPEG.glorylawfirm/서병연_판결문_(2)b432.html]
[C:/Users/강민우/Desktop/test-web-down/gloy-test/glorylawfirm.kr/kor/divorce/case_list05eb.html]
[C:/Users/강민우/Desktop/test-web-down/gloy-test/glorylawfirm.kr/kor/divorce/case_liste9f7.html]
[C:/Users/강민우/Desktop/test-web-down/gloy-test/glorylawfirm.kr/kor/divorce/case_list4fe1.html]
[C:/Users/강민우/Desktop/test-web-down/gloy-test/glorylawfirm.kr/kor/divorce/case_list2414.html]
[C:/Users/강민우/Desktop/test-web-down/gloy-test/glorylawfirm.kr/kor/divorce/case_lista475.html]
[C:/Users/강민우/Desktop/test-web-down/gloy-test/glorylawfirm.kr/kor/divorce/case_list6c2b.html]
[C:/Users/강민우/Desktop/test-web-down/gloy-test/glorylawfirm.kr/kor/divorce/case_list94c1.html]
[C:/Users/강민우/Desktop/test-web-down/gloy-test/glorylawfirm.kr/kor/divorce/case_list20b8.html]
[C:/Users/강민우/Desktop/test-web-down/gloy-test/glorylawfirm.kr/kor/divorce/case_list0f1f.html]
[C:/Users/강민우/Desktop/test-web-down/gloy-test/glorylawfirm.kr/kor/company/main/index.html]
[C:/Users/강민우/Desktop/test-web-down/gloy-test/glorylawfirm.kr/kor/company/revive/index.html]
[C:/Users/강민우/Desktop/test-web-down/gloy-test/glorylawfirm.kr/kor/company/divorce/index.html]
[C:/Users/강민우/Desktop/test-web-down/gloy-test/glorylawfirm.kr/kor/company/members.php/indexea31.html]
[C:/Users/강민우/Desktop/test-web-down/gloy-test/glorylawfirm.kr/kor/company/members.php/index82d9.html]
[C:/Users/강민우/Desktop/test-web-down/gloy-test/glorylawfirm.kr/kor/company/members.php/index0f31.html]
[C:/Users/강민우/Desktop/test-web-down/gloy-test/glorylawfirm.kr/kor/company/members8c41.html]
[C:/Users/강민우/Desktop/test-web-down/gloy-test/glorylawfirm.kr/kor/company/members04f7.html]
[C:/Users/강민우/Desktop/test-web-down/gloy-test/glorylawfirm.kr/kor/company/members50f4.html]
[C:/Users/강민우/Desktop/test-web-down/gloy-test/glorylawfirm.kr/kor/company/membersb1aa.html]
[C:/Users/강민우/Desktop/test-web-down/gloy-test/glorylawfirm.kr/kor/business/main/index.html]
[C:/Users/강민우/Desktop/test-web-down/gloy-test/glorylawfirm.kr/kor/business/revive/index.html]
[C:/Users/강민우/Desktop/test-web-down/gloy-test/glorylawfirm.kr/kor/business/divorce/index.html]
[C:/Users/강민우/Desktop/test-web-down/gloy-test/glorylawfirm.kr/kor/review/main/index.html]
[C:/Users/강민우/Desktop/test-web-down/gloy-test/glorylawfirm.kr/kor/review/revive/index.html]
[C:/Users/강민우/Desktop/test-web-down/gloy-test/glorylawfirm.kr/kor/review/divorce/index.html]
[C:/Users/강민우/Desktop/test-web-down/gloy-test/glorylawfirm.kr/kor/review/list.php/indexcf4e.html]
[C:/Users/강민우/Desktop/test-web-down/gloy-test/glorylawfirm.kr/kor/review/list.php/indexcfc4.html]
[C:/Users/강민우/Desktop/test-web-down/gloy-test/glorylawfirm.kr/kor/review/list.php/indexc27e.html]
[C:/Users/강민우/Desktop/test-web-down/gloy-test/glorylawfirm.kr/kor/review/list.php/index1a64.html]
[C:/Users/강민우/Desktop/test-web-down/gloy-test/glorylawfirm.kr/kor/review/list.php/index2b87.html]
[C:/Users/강민우/Desktop/test-web-down/gloy-test/glorylawfirm.kr/kor/review/list.php/index7643.html]
[C:/Users/강민우/Desktop/test-web-down/gloy-test/glorylawfirm.kr/kor/review/list.php/index2fbe.html]
[C:/Users/강민우/Desktop/test-web-down/gloy-test/glorylawfirm.kr/kor/review/list.php/index891d.html]
[C:/Users/강민우/Desktop/test-web-down/gloy-test/glorylawfirm.kr/kor/review/list.php/index3a30.html]
[C:/Users/강민우/Desktop/test-web-down/gloy-test/glorylawfirm.kr/kor/review/list.php/index22cb.html]
[C:/Users/강민우/Desktop/test-web-down/gloy-test/glorylawfirm.kr/kor/review/list.php/index5bbd.html]
[C:/Users/강민우/Desktop/test-web-down/gloy-test/glorylawfirm.kr/kor/review/list.php/index0dfa.html]
[C:/Users/강민우/Desktop/test-web-down/gloy-test/glorylawfirm.kr/kor/review/list.php/index961d.html]
[C:/Users/강민우/Desktop/test-web-down/gloy-test/glorylawfirm.kr/kor/review/list.php/indexaea9.html]
[C:/Users/강민우/Desktop/test-web-down/gloy-test/glorylawfirm.kr/kor/review/list.php/indexd445.html]
[C:/Users/강민우/Desktop/test-web-down/gloy-test/glorylawfirm.kr/kor/review/list.php/index633d.html]
[C:/Users/강민우/Desktop/test-web-down/gloy-test/glorylawfirm.kr/kor/review/lista675.html]
[C:/Users/강민우/Desktop/test-web-down/gloy-test/glorylawfirm.kr/kor/review/liste013.html]
[C:/Users/강민우/Desktop/test-web-down/gloy-test/glorylawfirm.kr/kor/review/list9af4.html]
[C:/Users/강민우/Desktop/test-web-down/gloy-test/glorylawfirm.kr/kor/review/list55c0.html]
[C:/Users/강민우/Desktop/test-web-down/gloy-test/glorylawfirm.kr/kor/review/list540e.html]
[C:/Users/강민우/Desktop/test-web-down/gloy-test/glorylawfirm.kr/kor/review/listd924.html]
[C:/Users/강민우/Desktop/test-web-down/gloy-test/glorylawfirm.kr/kor/review/list202c.html]
[C:/Users/강민우/Desktop/test-web-down/gloy-test/glorylawfirm.kr/kor/review/list606a.html]
[C:/Users/강민우/Desktop/test-web-down/gloy-test/glorylawfirm.kr/kor/review/lista9c8.html]
[C:/Users/강민우/Desktop/test-web-down/gloy-test/glorylawfirm.kr/kor/review/list2f84.html]
[C:/Users/강민우/Desktop/test-web-down/gloy-test/glorylawfirm.kr/kor/review/listc4b4.html]
[C:/Users/강민우/Desktop/test-web-down/gloy-test/glorylawfirm.kr/kor/review/lista94b.html]
[C:/Users/강민우/Desktop/test-web-down/gloy-test/glorylawfirm.kr/kor/review/listb569.html]
[C:/Users/강민우/Desktop/test-web-down/gloy-test/glorylawfirm.kr/kor/review/list1822.html]
[C:/Users/강민우/Desktop/test-web-down/gloy-test/glorylawfirm.kr/kor/review/list8313.html]
[C:/Users/강민우/Desktop/test-web-down/gloy-test/glorylawfirm.kr/kor/review/list931c.html]
[C:/Users/강민우/Desktop/test-web-down/gloy-test/glorylawfirm.kr/kor/review/list7845.html]
[C:/Users/강민우/Desktop/test-web-down/gloy-test/glorylawfirm.kr/kor/review/list54dc.html]
[C:/Users/강민우/Desktop/test-web-down/gloy-test/glorylawfirm.kr/kor/review/list3690.html]
[C:/Users/강민우/Desktop/test-web-down/gloy-test/glorylawfirm.kr/kor/review/list4202.html]
[C:/Users/강민우/Desktop/test-web-down/gloy-test/glorylawfirm.kr/kor/review/list24f2.html]
[C:/Users/강민우/Desktop/test-web-down/gloy-test/glorylawfirm.kr/kor/review/listbe10.html]
[C:/Users/강민우/Desktop/test-web-down/gloy-test/glorylawfirm.kr/kor/review/listd564.html]
[C:/Users/강민우/Desktop/test-web-down/gloy-test/glorylawfirm.kr/kor/review/list2ddf.html]
[C:/Users/강민우/Desktop/test-web-down/gloy-test/glorylawfirm.kr/kor/review/listd0e4.html]
[C:/Users/강민우/Desktop/test-web-down/gloy-test/glorylawfirm.kr/kor/review/listed06.html]
[C:/Users/강민우/Desktop/test-web-down/gloy-test/glorylawfirm.kr/kor/review/list3e00.html]
[C:/Users/강민우/Desktop/test-web-down/gloy-test/glorylawfirm.kr/kor/review/listb2cd.html]
[C:/Users/강민우/Desktop/test-web-down/gloy-test/glorylawfirm.kr/kor/review/listdbb1.html]
[C:/Users/강민우/Desktop/test-web-down/gloy-test/glorylawfirm.kr/kor/review/list6a57.html]
[C:/Users/강민우/Desktop/test-web-down/gloy-test/glorylawfirm.kr/kor/review/lista1c6.html]
[C:/Users/강민우/Desktop/test-web-down/gloy-test/glorylawfirm.kr/kor/review/list0083.html]
[C:/Users/강민우/Desktop/test-web-down/gloy-test/glorylawfirm.kr/kor/review/list949f.html]
[C:/Users/강민우/Desktop/test-web-down/gloy-test/glorylawfirm.kr/kor/review/lista07e.html]
[C:/Users/강민우/Desktop/test-web-down/gloy-test/glorylawfirm.kr/kor/review/listff12.html]
[C:/Users/강민우/Desktop/test-web-down/gloy-test/glorylawfirm.kr/kor/review/list3677.html]
[C:/Users/강민우/Desktop/test-web-down/gloy-test/glorylawfirm.kr/kor/review/listfbcf.html]
[C:/Users/강민우/Desktop/test-web-down/gloy-test/glorylawfirm.kr/kor/review/list26b2.html]
[C:/Users/강민우/Desktop/test-web-down/gloy-test/glorylawfirm.kr/kor/review/list7e3a.html]
[C:/Users/강민우/Desktop/test-web-down/gloy-test/glorylawfirm.kr/kor/review/list60b0.html]
[C:/Users/강민우/Desktop/test-web-down/gloy-test/glorylawfirm.kr/kor/review/list6c89.html]
[C:/Users/강민우/Desktop/test-web-down/gloy-test/glorylawfirm.kr/kor/review/list2f30.html]
[C:/Users/강민우/Desktop/test-web-down/gloy-test/glorylawfirm.kr/kor/review/list602b.html]
[C:/Users/강민우/Desktop/test-web-down/gloy-test/glorylawfirm.kr/kor/review/list2a3a.html]
[C:/Users/강민우/Desktop/test-web-down/gloy-test/glorylawfirm.kr/kor/review/listb27a.html]
[C:/Users/강민우/Desktop/test-web-down/gloy-test/glorylawfirm.kr/kor/review/list8068.html]
[C:/Users/강민우/Desktop/test-web-down/gloy-test/glorylawfirm.kr/kor/review/list6fb8.html]
[C:/Users/강민우/Desktop/test-web-down/gloy-test/glorylawfirm.kr/kor/review/list892b.html]
[C:/Users/강민우/Desktop/test-web-down/gloy-test/glorylawfirm.kr/kor/review/list84de.html]
[C:/Users/강민우/Desktop/test-web-down/gloy-test/glorylawfirm.kr/kor/review/list924e.html]
[C:/Users/강민우/Desktop/test-web-down/gloy-test/glorylawfirm.kr/kor/review/list3363.html]
[C:/Users/강민우/Desktop/test-web-down/gloy-test/glorylawfirm.kr/kor/review/list7930.html]
[C:/Users/강민우/Desktop/test-web-down/gloy-test/glorylawfirm.kr/kor/review/listefa2.html]
[C:/Users/강민우/Desktop/test-web-down/gloy-test/glorylawfirm.kr/kor/review/list4af8.html]
[C:/Users/강민우/Desktop/test-web-down/gloy-test/glorylawfirm.kr/kor/review/listeaa5.html]
[C:/Users/강민우/Desktop/test-web-down/gloy-test/glorylawfirm.kr/kor/review/list414b.html]
[C:/Users/강민우/Desktop/test-web-down/gloy-test/glorylawfirm.kr/kor/review/list4943.html]
[C:/Users/강민우/Desktop/test-web-down/gloy-test/glorylawfirm.kr/kor/review/list900a.html]
[C:/Users/강민우/Desktop/test-web-down/gloy-test/glorylawfirm.kr/kor/review/list1bf1.html]
[C:/Users/강민우/Desktop/test-web-down/gloy-test/glorylawfirm.kr/kor/review/liste973.html]
[C:/Users/강민우/Desktop/test-web-down/gloy-test/glorylawfirm.kr/kor/review/list6322.html]
[C:/Users/강민우/Desktop/test-web-down/gloy-test/glorylawfirm.kr/kor/review/lista91d.html]
[C:/Users/강민우/Desktop/test-web-down/gloy-test/glorylawfirm.kr/kor/review/list3d36.html]
[C:/Users/강민우/Desktop/test-web-down/gloy-test/glorylawfirm.kr/kor/review/list222a.html]
[C:/Users/강민우/Desktop/test-web-down/gloy-test/glorylawfirm.kr/kor/review/list7cb0.html]
[C:/Users/강민우/Desktop/test-web-down/gloy-test/glorylawfirm.kr/kor/review/list7823.html]
[C:/Users/강민우/Desktop/test-web-down/gloy-test/glorylawfirm.kr/kor/review/list56c9.html]
[C:/Users/강민우/Desktop/test-web-down/gloy-test/glorylawfirm.kr/kor/review/list68c7.html]
[C:/Users/강민우/Desktop/test-web-down/gloy-test/glorylawfirm.kr/kor/review/listf213.html]
[C:/Users/강민우/Desktop/test-web-down/gloy-test/glorylawfirm.kr/kor/review/list872b.html]
[C:/Users/강민우/Desktop/test-web-down/gloy-test/glorylawfirm.kr/kor/review/list7fea.html]
[C:/Users/강민우/Desktop/test-web-down/gloy-test/glorylawfirm.kr/kor/review/list099a.html]
[C:/Users/강민우/Desktop/test-web-down/gloy-test/glorylawfirm.kr/kor/review/list98d1.html]
[C:/Users/강민우/Desktop/test-web-down/gloy-test/glorylawfirm.kr/kor/review/listc042.html]
[C:/Users/강민우/Desktop/test-web-down/gloy-test/glorylawfirm.kr/kor/review/list8421.html]
[C:/Users/강민우/Desktop/test-web-down/gloy-test/glorylawfirm.kr/kor/review/lista37a.html]
[C:/Users/강민우/Desktop/test-web-down/gloy-test/glorylawfirm.kr/kor/review/list6349.html]
[C:/Users/강민우/Desktop/test-web-down/gloy-test/glorylawfirm.kr/kor/review/list5a51.html]
[C:/Users/강민우/Desktop/test-web-down/gloy-test/glorylawfirm.kr/kor/review/listcd7b.html]
[C:/Users/강민우/Desktop/test-web-down/gloy-test/glorylawfirm.kr/kor/review/list9e35.html]
[C:/Users/강민우/Desktop/test-web-down/gloy-test/glorylawfirm.kr/kor/review/list6839.html]
[C:/Users/강민우/Desktop/test-web-down/gloy-test/glorylawfirm.kr/kor/review/listf0cb.html]
[C:/Users/강민우/Desktop/test-web-down/gloy-test/glorylawfirm.kr/kor/review/listac96.html]
[C:/Users/강민우/Desktop/test-web-down/gloy-test/glorylawfirm.kr/kor/review/listd869.html]
[C:/Users/강민우/Desktop/test-web-down/gloy-test/glorylawfirm.kr/kor/review/listf846.html]
[C:/Users/강민우/Desktop/test-web-down/gloy-test/glorylawfirm.kr/kor/review/listf378.html]
[C:/Users/강민우/Desktop/test-web-down/gloy-test/glorylawfirm.kr/kor/review/list86b6.html]
[C:/Users/강민우/Desktop/test-web-down/gloy-test/glorylawfirm.kr/kor/review/list9983.html]
[C:/Users/강민우/Desktop/test-web-down/gloy-test/glorylawfirm.kr/kor/review/list2e78.html]
[C:/Users/강민우/Desktop/test-web-down/gloy-test/glorylawfirm.kr/kor/review/list5798.html]
[C:/Users/강민우/Desktop/test-web-down/gloy-test/glorylawfirm.kr/kor/review/list9017.html]
[C:/Users/강민우/Desktop/test-web-down/gloy-test/glorylawfirm.kr/kor/review/list0305.html]
[C:/Users/강민우/Desktop/test-web-down/gloy-test/glorylawfirm.kr/kor/review/list074a.html]
[C:/Users/강민우/Desktop/test-web-down/gloy-test/glorylawfirm.kr/kor/review/list401f.html]
[C:/Users/강민우/Desktop/test-web-down/gloy-test/glorylawfirm.kr/kor/review/lista5cd.html]
[C:/Users/강민우/Desktop/test-web-down/gloy-test/glorylawfirm.kr/kor/review/listd47d.html]
[C:/Users/강민우/Desktop/test-web-down/gloy-test/glorylawfirm.kr/kor/review/lista1e7.html]
[C:/Users/강민우/Desktop/test-web-down/gloy-test/glorylawfirm.kr/kor/review/list0dc2.html]
[C:/Users/강민우/Desktop/test-web-down/gloy-test/glorylawfirm.kr/kor/review/list5948.html]
[C:/Users/강민우/Desktop/test-web-down/gloy-test/glorylawfirm.kr/kor/review/list4bac.html]
[C:/Users/강민우/Desktop/test-web-down/gloy-test/glorylawfirm.kr/kor/review/list03be.html]
[C:/Users/강민우/Desktop/test-web-down/gloy-test/glorylawfirm.kr/kor/review/list9777.html]
[C:/Users/강민우/Desktop/test-web-down/gloy-test/glorylawfirm.kr/kor/review/list6b28.html]
[C:/Users/강민우/Desktop/test-web-down/gloy-test/glorylawfirm.kr/kor/review/listcae8.html]
[C:/Users/강민우/Desktop/test-web-down/gloy-test/glorylawfirm.kr/kor/review/list32e2.html]
[C:/Users/강민우/Desktop/test-web-down/gloy-test/glorylawfirm.kr/kor/review/listdf2a.html]
[C:/Users/강민우/Desktop/test-web-down/gloy-test/glorylawfirm.kr/kor/review/listbdce.html]
[C:/Users/강민우/Desktop/test-web-down/gloy-test/glorylawfirm.kr/kor/review/lista651.html]
[C:/Users/강민우/Desktop/test-web-down/gloy-test/glorylawfirm.kr/kor/review/listbe37.html]
[C:/Users/강민우/Desktop/test-web-down/gloy-test/glorylawfirm.kr/kor/review/liste60c.html]
[C:/Users/강민우/Desktop/test-web-down/gloy-test/glorylawfirm.kr/kor/review/list2c9f.html]
[C:/Users/강민우/Desktop/test-web-down/gloy-test/glorylawfirm.kr/kor/review/list73db.html]
[C:/Users/강민우/Desktop/test-web-down/gloy-test/glorylawfirm.kr/kor/review/list13a2.html]
[C:/Users/강민우/Desktop/test-web-down/gloy-test/glorylawfirm.kr/kor/review/list870a.html]
[C:/Users/강민우/Desktop/test-web-down/gloy-test/glorylawfirm.kr/kor/review/list5c50.html]
[C:/Users/강민우/Desktop/test-web-down/gloy-test/glorylawfirm.kr/kor/review/list1495.html]
[C:/Users/강민우/Desktop/test-web-down/gloy-test/glorylawfirm.kr/kor/review/liste8f9.html]
[C:/Users/강민우/Desktop/test-web-down/gloy-test/glorylawfirm.kr/kor/review/list1a0b.html]
[C:/Users/강민우/Desktop/test-web-down/gloy-test/glorylawfirm.kr/kor/review/listb6e7.html]
[C:/Users/강민우/Desktop/test-web-down/gloy-test/glorylawfirm.kr/kor/review/list6422.html]
[C:/Users/강민우/Desktop/test-web-down/gloy-test/glorylawfirm.kr/kor/review/listf4d5.html]
[C:/Users/강민우/Desktop/test-web-down/gloy-test/glorylawfirm.kr/kor/review/list035f.html]
[C:/Users/강민우/Desktop/test-web-down/gloy-test/glorylawfirm.kr/kor/review/liste9be.html]
[C:/Users/강민우/Desktop/test-web-down/gloy-test/glorylawfirm.kr/kor/review/list65a8.html]
[C:/Users/강민우/Desktop/test-web-down/gloy-test/glorylawfirm.kr/kor/review/list0284.html]
[C:/Users/강민우/Desktop/test-web-down/gloy-test/glorylawfirm.kr/kor/review/listb1a1.html]
[C:/Users/강민우/Desktop/test-web-down/gloy-test/glorylawfirm.kr/kor/review/listb55c.html]
[C:/Users/강민우/Desktop/test-web-down/gloy-test/glorylawfirm.kr/kor/review/list0c47.html]
[C:/Users/강민우/Desktop/test-web-down/gloy-test/glorylawfirm.kr/kor/review/list91ec.html]
[C:/Users/강민우/Desktop/test-web-down/gloy-test/glorylawfirm.kr/kor/review/list371f.html]
[C:/Users/강민우/Desktop/test-web-down/gloy-test/glorylawfirm.kr/kor/review/list4a0f.html]
[C:/Users/강민우/Desktop/test-web-down/gloy-test/glorylawfirm.kr/kor/review/listef37.html]
[C:/Users/강민우/Desktop/test-web-down/gloy-test/glorylawfirm.kr/kor/review/list1f16.html]
[C:/Users/강민우/Desktop/test-web-down/gloy-test/glorylawfirm.kr/kor/review/list3141.html]
[C:/Users/강민우/Desktop/test-web-down/gloy-test/glorylawfirm.kr/kor/review/liste80b.html]
[C:/Users/강민우/Desktop/test-web-down/gloy-test/glorylawfirm.kr/kor/review/listf567.html]
[C:/Users/강민우/Desktop/test-web-down/gloy-test/glorylawfirm.kr/kor/review/list127d.html]
[C:/Users/강민우/Desktop/test-web-down/gloy-test/glorylawfirm.kr/kor/review/list514c.html]
[C:/Users/강민우/Desktop/test-web-down/gloy-test/glorylawfirm.kr/kor/review/liste339.html]
[C:/Users/강민우/Desktop/test-web-down/gloy-test/glorylawfirm.kr/kor/review/listf917.html]
[C:/Users/강민우/Desktop/test-web-down/gloy-test/glorylawfirm.kr/kor/review/list734e.html]
[C:/Users/강민우/Desktop/test-web-down/gloy-test/glorylawfirm.kr/kor/review/list6851.html]
[C:/Users/강민우/Desktop/test-web-down/gloy-test/glorylawfirm.kr/kor/review/list4175.html]
[C:/Users/강민우/Desktop/test-web-down/gloy-test/glorylawfirm.kr/kor/review/listee2a.html]
[C:/Users/강민우/Desktop/test-web-down/gloy-test/glorylawfirm.kr/kor/review/list0525.html]
[C:/Users/강민우/Desktop/test-web-down/gloy-test/glorylawfirm.kr/kor/review/listf27d.html]
[C:/Users/강민우/Desktop/test-web-down/gloy-test/glorylawfirm.kr/kor/review/listfc36.html]
[C:/Users/강민우/Desktop/test-web-down/gloy-test/glorylawfirm.kr/kor/review/listd0af.html]
[C:/Users/강민우/Desktop/test-web-down/gloy-test/glorylawfirm.kr/kor/review/list082e.html]
[C:/Users/강민우/Desktop/test-web-down/gloy-test/glorylawfirm.kr/kor/review/list8682.html]
[C:/Users/강민우/Desktop/test-web-down/gloy-test/glorylawfirm.kr/kor/review/list219f.html]
[C:/Users/강민우/Desktop/test-web-down/gloy-test/glorylawfirm.kr/kor/review/list866f.html]
[C:/Users/강민우/Desktop/test-web-down/gloy-test/glorylawfirm.kr/kor/review/list06e0.html]
[C:/Users/강민우/Desktop/test-web-down/gloy-test/glorylawfirm.kr/kor/review/list44d7.html]
[C:/Users/강민우/Desktop/test-web-down/gloy-test/glorylawfirm.kr/kor/review/list1416.html]
[C:/Users/강민우/Desktop/test-web-down/gloy-test/glorylawfirm.kr/kor/review/list80cd.html]
[C:/Users/강민우/Desktop/test-web-down/gloy-test/glorylawfirm.kr/kor/review/list75bf.html]
[C:/Users/강민우/Desktop/test-web-down/gloy-test/glorylawfirm.kr/kor/review/list7bee.html]
[C:/Users/강민우/Desktop/test-web-down/gloy-test/glorylawfirm.kr/kor/review/list29a5.html]
[C:/Users/강민우/Desktop/test-web-down/gloy-test/glorylawfirm.kr/kor/review/list99b8.html]
[C:/Users/강민우/Desktop/test-web-down/gloy-test/glorylawfirm.kr/kor/review/list02bf.html]
[C:/Users/강민우/Desktop/test-web-down/gloy-test/glorylawfirm.kr/kor/review/list3e3e.html]
[C:/Users/강민우/Desktop/test-web-down/gloy-test/glorylawfirm.kr/kor/review/listcef9.html]
[C:/Users/강민우/Desktop/test-web-down/gloy-test/glorylawfirm.kr/kor/review/list7c80.html]
[C:/Users/강민우/Desktop/test-web-down/gloy-test/glorylawfirm.kr/kor/review/listc3e7.html]
[C:/Users/강민우/Desktop/test-web-down/gloy-test/glorylawfirm.kr/kor/review/listf9dd.html]
[C:/Users/강민우/Desktop/test-web-down/gloy-test/glorylawfirm.kr/kor/review/listd299.html]
[C:/Users/강민우/Desktop/test-web-down/gloy-test/glorylawfirm.kr/kor/review/list7b54.html]
[C:/Users/강민우/Desktop/test-web-down/gloy-test/glorylawfirm.kr/kor/review/list31fa.html]
[C:/Users/강민우/Desktop/test-web-down/gloy-test/glorylawfirm.kr/kor/review/listf3ec.html]
[C:/Users/강민우/Desktop/test-web-down/gloy-test/glorylawfirm.kr/kor/review/list224a.html]
[C:/Users/강민우/Desktop/test-web-down/gloy-test/glorylawfirm.kr/kor/review/listfe07.html]
[C:/Users/강민우/Desktop/test-web-down/gloy-test/glorylawfirm.kr/kor/review/listccc3.html]
[C:/Users/강민우/Desktop/test-web-down/gloy-test/glorylawfirm.kr/kor/review/list7e4c.html]
[C:/Users/강민우/Desktop/test-web-down/gloy-test/glorylawfirm.kr/kor/review/list254a.html]
[C:/Users/강민우/Desktop/test-web-down/gloy-test/glorylawfirm.kr/kor/review/listed29.html]
[C:/Users/강민우/Desktop/test-web-down/gloy-test/glorylawfirm.kr/kor/review/listf6bc.html]
[C:/Users/강민우/Desktop/test-web-down/gloy-test/glorylawfirm.kr/kor/review/list3547.html]
[C:/Users/강민우/Desktop/test-web-down/gloy-test/glorylawfirm.kr/kor/review/listf076.html]
[C:/Users/강민우/Desktop/test-web-down/gloy-test/glorylawfirm.kr/kor/review/listf197.html]
[C:/Users/강민우/Desktop/test-web-down/gloy-test/glorylawfirm.kr/kor/review/listae70.html]
[C:/Users/강민우/Desktop/test-web-down/gloy-test/glorylawfirm.kr/kor/review/liste9e9.html]
[C:/Users/강민우/Desktop/test-web-down/gloy-test/glorylawfirm.kr/kor/review/list4414.html]
[C:/Users/강민우/Desktop/test-web-down/gloy-test/glorylawfirm.kr/kor/review/list90d3.html]
[C:/Users/강민우/Desktop/test-web-down/gloy-test/glorylawfirm.kr/kor/review/liste0d3.html]
[C:/Users/강민우/Desktop/test-web-down/gloy-test/glorylawfirm.kr/kor/review/list337c.html]
[C:/Users/강민우/Desktop/test-web-down/gloy-test/glorylawfirm.kr/kor/review/listc004.html]
[C:/Users/강민우/Desktop/test-web-down/gloy-test/glorylawfirm.kr/kor/review/lista740.html]
[C:/Users/강민우/Desktop/test-web-down/gloy-test/glorylawfirm.kr/kor/review/listb305.html]
[C:/Users/강민우/Desktop/test-web-down/gloy-test/glorylawfirm.kr/kor/review/listb5e3.html]
[C:/Users/강민우/Desktop/test-web-down/gloy-test/glorylawfirm.kr/kor/review/list7680.html]
[C:/Users/강민우/Desktop/test-web-down/gloy-test/glorylawfirm.kr/kor/review/listdd8e.html]
[C:/Users/강민우/Desktop/test-web-down/gloy-test/glorylawfirm.kr/kor/review/list757a.html]
[C:/Users/강민우/Desktop/test-web-down/gloy-test/glorylawfirm.kr/kor/review/list5b15.html]
[C:/Users/강민우/Desktop/test-web-down/gloy-test/glorylawfirm.kr/kor/review/listcb15.html]
[C:/Users/강민우/Desktop/test-web-down/gloy-test/glorylawfirm.kr/kor/review/list7b48.html]
[C:/Users/강민우/Desktop/test-web-down/gloy-test/glorylawfirm.kr/kor/review/lista6f7.html]
[C:/Users/강민우/Desktop/test-web-down/gloy-test/glorylawfirm.kr/kor/review/listdbfe.html]
[C:/Users/강민우/Desktop/test-web-down/gloy-test/glorylawfirm.kr/kor/review/list31a0.html]
[C:/Users/강민우/Desktop/test-web-down/gloy-test/glorylawfirm.kr/kor/review/list67b8.html]
[C:/Users/강민우/Desktop/test-web-down/gloy-test/glorylawfirm.kr/kor/review/list5b66.html]
[C:/Users/강민우/Desktop/test-web-down/gloy-test/glorylawfirm.kr/kor/review/listbc53.html]
[C:/Users/강민우/Desktop/test-web-down/gloy-test/glorylawfirm.kr/kor/review/list4bae.html]
[C:/Users/강민우/Desktop/test-web-down/gloy-test/glorylawfirm.kr/kor/review/list50fc.html]
[C:/Users/강민우/Desktop/test-web-down/gloy-test/glorylawfirm.kr/kor/review/list291e.html]
[C:/Users/강민우/Desktop/test-web-down/gloy-test/glorylawfirm.kr/kor/review/listda0b.html]
[C:/Users/강민우/Desktop/test-web-down/gloy-test/glorylawfirm.kr/kor/review/listceb2.html]
[C:/Users/강민우/Desktop/test-web-down/gloy-test/glorylawfirm.kr/kor/review/list9537.html]
[C:/Users/강민우/Desktop/test-web-down/gloy-test/glorylawfirm.kr/kor/review/list4139.html]
[C:/Users/강민우/Desktop/test-web-down/gloy-test/glorylawfirm.kr/kor/review/list25c4.html]
[C:/Users/강민우/Desktop/test-web-down/gloy-test/glorylawfirm.kr/kor/review/list5b24.html]
[C:/Users/강민우/Desktop/test-web-down/gloy-test/glorylawfirm.kr/kor/community/main/index.html]
[C:/Users/강민우/Desktop/test-web-down/gloy-test/glorylawfirm.kr/kor/community/revive/index.html]
[C:/Users/강민우/Desktop/test-web-down/gloy-test/glorylawfirm.kr/kor/community/divorce/index.html]
[C:/Users/강민우/Desktop/test-web-down/gloy-test/glorylawfirm.kr/kor/community/notice.php/indexaa9c.html]
[C:/Users/강민우/Desktop/test-web-down/gloy-test/glorylawfirm.kr/kor/community/notice.php/index2fa0.html]
[C:/Users/강민우/Desktop/test-web-down/gloy-test/glorylawfirm.kr/kor/community/notice457f.html]
[C:/Users/강민우/Desktop/test-web-down/gloy-test/glorylawfirm.kr/kor/community/notice3c0c.html]
[C:/Users/강민우/Desktop/test-web-down/gloy-test/glorylawfirm.kr/kor/community/notice4030.html]
[C:/Users/강민우/Desktop/test-web-down/gloy-test/glorylawfirm.kr/kor/community/faq.php/index103f.html]
[C:/Users/강민우/Desktop/test-web-down/gloy-test/glorylawfirm.kr/kor/community/faq.php/indexd476.html]
[C:/Users/강민우/Desktop/test-web-down/gloy-test/glorylawfirm.kr/kor/community/faqa7df.html]
[C:/Users/강민우/Desktop/test-web-down/gloy-test/glorylawfirm.kr/kor/community/faq5ebd.html]
[C:/Users/강민우/Desktop/test-web-down/gloy-test/glorylawfirm.kr/kor/community/faq4205.html]
[C:/Users/강민우/Desktop/test-web-down/gloy-test/glorylawfirm.kr/kor/community/legalInfo.php/index334f.html]
[C:/Users/강민우/Desktop/test-web-down/gloy-test/glorylawfirm.kr/kor/community/legalInfo.php/index9e21.html]
[C:/Users/강민우/Desktop/test-web-down/gloy-test/glorylawfirm.kr/kor/community/legalInfo.php/index0d78.html]
[C:/Users/강민우/Desktop/test-web-down/gloy-test/glorylawfirm.kr/kor/community/legalInfo.php/indexa4e4.html]
[C:/Users/강민우/Desktop/test-web-down/gloy-test/glorylawfirm.kr/kor/community/legalInfo.php/index3c80.html]
[C:/Users/강민우/Desktop/test-web-down/gloy-test/glorylawfirm.kr/kor/community/legalInfo.php/index571c.html]
[C:/Users/강민우/Desktop/test-web-down/gloy-test/glorylawfirm.kr/kor/community/legalInfo.php/indexf303.html]
[C:/Users/강민우/Desktop/test-web-down/gloy-test/glorylawfirm.kr/kor/community/legalInfo.php/index9e30.html]
[C:/Users/강민우/Desktop/test-web-down/gloy-test/glorylawfirm.kr/kor/community/legalInfo.php/indexc6d0.html]
[C:/Users/강민우/Desktop/test-web-down/gloy-test/glorylawfirm.kr/kor/community/legalInfo7882.html]
[C:/Users/강민우/Desktop/test-web-down/gloy-test/glorylawfirm.kr/kor/community/legalInfo6e4a.html]
[C:/Users/강민우/Desktop/test-web-down/gloy-test/glorylawfirm.kr/kor/community/legalInfo71c9.html]
[C:/Users/강민우/Desktop/test-web-down/gloy-test/glorylawfirm.kr/kor/community/legalInfo3469.html]
[C:/Users/강민우/Desktop/test-web-down/gloy-test/glorylawfirm.kr/kor/community/legalInfo0cd9.html]
[C:/Users/강민우/Desktop/test-web-down/gloy-test/glorylawfirm.kr/kor/community/legalInfoe890.html]
[C:/Users/강민우/Desktop/test-web-down/gloy-test/glorylawfirm.kr/kor/community/legalInfo199a.html]
[C:/Users/강민우/Desktop/test-web-down/gloy-test/glorylawfirm.kr/kor/community/legalInfod2cb.html]
[C:/Users/강민우/Desktop/test-web-down/gloy-test/glorylawfirm.kr/kor/community/legalInfo9d3b.html]
[C:/Users/강민우/Desktop/test-web-down/gloy-test/glorylawfirm.kr/kor/community/legalInfo11ab.html]
[C:/Users/강민우/Desktop/test-web-down/gloy-test/glorylawfirm.kr/kor/community/notice298a.html]
[C:/Users/강민우/Desktop/test-web-down/gloy-test/glorylawfirm.kr/kor/community/notice283c.html]
[C:/Users/강민우/Desktop/test-web-down/gloy-test/glorylawfirm.kr/kor/community/notice6666.html]
[C:/Users/강민우/Desktop/test-web-down/gloy-test/glorylawfirm.kr/kor/community/notice801e.html]
[C:/Users/강민우/Desktop/test-web-down/gloy-test/glorylawfirm.kr/kor/community/noticeebe5.html]
[C:/Users/강민우/Desktop/test-web-down/gloy-test/glorylawfirm.kr/kor/policy/main/index.html]
[C:/Users/강민우/Desktop/test-web-down/gloy-test/glorylawfirm.kr/kor/policy/revive/index.html]
[C:/Users/강민우/Desktop/test-web-down/gloy-test/glorylawfirm.kr/kor/policy/divorce/index.html]
[C:/Users/강민우/Desktop/test-web-down/gloy-test/glorylawfirm.kr/kor/policy/privacy.php/privacye9d4.html]
[C:/Users/강민우/Desktop/test-web-down/gloy-test/glorylawfirm.kr/kor/policy/privacyc1e0.html]
[C:/Users/강민우/Desktop/test-web-down/gloy-test/wcs.naver.net/wcslog.js]
[C:/Users/강민우/Desktop/test-web-down/gloy-test/glorylawfirm.kr/kor/inc/kcaptcha/indexb806.html]
